Xbox Wireless Protocol Capture
Started: Tue Jan 27 10:01:26 2026
========================================


========== PACKET #1 ==========
Direction: REMOTEâ†’LOCAL
Type: 0x01 (HANDSHAKE_REQ), Nonce: 0x23c6
Length: 60 bytes

  0000: ff ff ff ff ff ff 00 0d 3a 50 22 73 88 6f 58 42 
  0010: 4f 58 01 01 07 01 23 c6 07 f0 4a a0 7a fe f5 3c 
  0020: a2 cf fb 76 79 3c 2f b4 22 9a 00 00 00 00 00 00 
  0030: 00 00 00 00 00 00 00 00 00 00 00 00 


========== PACKET #2 ==========
Direction: REMOTEâ†’LOCAL
Type: 0x02 (HANDSHAKE_RESP), Nonce: 0x23c6
Length: 282 bytes

  0000: 00 0d 3a 50 22 73 00 0d 3a 1f 26 09 88 6f 58 42 
  0010: 4f 58 01 01 43 02 23 c6 a4 d4 98 b2 56 b8 f4 00 
  0020: 66 15 12 4c fa f2 84 b5 d2 8e e6 57 49 79 44 65 
  0030: 76 69 63 65 20 69 73 20 58 62 6f 78 20 43 6f 6d 
  0040: 70 61 74 69 62 6c 65 2e 20 43 6f 70 79 72 69 67 
  0050: 68 74 20 28 63 29 20 4d 69 63 72 6f 73 6f 66 74 
  0060: 20 43 6f 72 70 6f 72 61 74 69 6f 6e 2e 20 41 6c 
  0070: 6c 20 52 69 67 68 74 73 20 52 65 73 65 72 76 65 
  0080: 64 2e 58 62 6f 78 20 57 69 72 65 6c 65 73 73 20 
  0090: 41 64 61 70 74 65 72 20 28 4d 4e 2d 37 34 30 29 
  00a0: 00 00 31 2e 30 2e 32 2e 32 31 20 42 6f 6f 74 3a 
  00b0: 20 31 2e 33 2e 30 2e 30 35 00 00 00 00 00 00 00 
  00c0: 00 00 00 00 00 00 00 00 06 07 00 00 0f fe 00 00 
  00d0: 00 00 00 00 00 00 00 00 00 00 00 00 00 00 00 00 
  00e0: 00 00 00 00 00 00 00 00 00 00 05 00 c0 a8 01 b5 
  00f0: 01 02 01 06 02 0a 48 69 64 64 65 6e 54 65 73 74 
  0100: 00 00 00 00 00 00 00 00 00 00 00 00 00 00 00 00 
  0110: 00 00 00 00 00 00 02 01 00 00 


========== PACKET #3 ==========
Direction: REMOTEâ†’LOCAL
Type: 0x09 (BEACON_REQ), Nonce: 0x23c7
Length: 60 bytes

  0000: 00 0d 3a 1f 26 09 00 0d 3a 50 22 73 88 6f 58 42 
  0010: 4f 58 01 01 03 09 23 c7 30 94 00 00 00 00 00 00 
  0020: 00 00 00 00 00 00 00 00 00 00 00 00 00 00 00 00 
  0030: 00 00 00 00 00 00 00 00 00 00 00 00 


========== PACKET #4 ==========
Direction: REMOTEâ†’LOCAL
Type: 0x0a (BEACON_RESP), Nonce: 0x23c7
Length: 60 bytes

  0000: 00 0d 3a 50 22 73 00 0d 3a 1f 26 09 88 6f 58 42 
  0010: 4f 58 01 01 04 0a 23 c7 2d 13 02 80 00 00 00 00 
  0020: 00 00 00 00 00 00 00 00 00 00 00 00 00 00 00 00 
  0030: 00 00 00 00 00 00 00 00 00 00 00 00 


========== PACKET #5 ==========
Direction: REMOTEâ†’LOCAL
Type: 0x09 (BEACON_REQ), Nonce: 0x23c8
Length: 60 bytes

  0000: 00 0d 3a 1f 26 09 00 0d 3a 50 22 73 88 6f 58 42 
  0010: 4f 58 01 01 03 09 23 c8 30 93 00 00 00 00 00 00 
  0020: 00 00 00 00 00 00 00 00 00 00 00 00 00 00 00 00 
  0030: 00 00 00 00 00 00 00 00 00 00 00 00 


========== PACKET #6 ==========
Direction: REMOTEâ†’LOCAL
Type: 0x0a (BEACON_RESP), Nonce: 0x23c8
Length: 60 bytes

  0000: 00 0d 3a 50 22 73 00 0d 3a 1f 26 09 88 6f 58 42 
  0010: 4f 58 01 01 04 0a 23 c8 2d 12 02 80 00 00 00 00 
  0020: 00 00 00 00 00 00 00 00 00 00 00 00 00 00 00 00 
  0030: 00 00 00 00 00 00 00 00 00 00 00 00 


========== PACKET #7 ==========
Direction: REMOTEâ†’LOCAL
Type: 0x09 (BEACON_REQ), Nonce: 0x23c9
Length: 60 bytes

  0000: 00 0d 3a 1f 26 09 00 0d 3a 50 22 73 88 6f 58 42 
  0010: 4f 58 01 01 03 09 23 c9 30 92 00 00 00 00 00 00 
  0020: 00 00 00 00 00 00 00 00 00 00 00 00 00 00 00 00 
  0030: 00 00 00 00 00 00 00 00 00 00 00 00 


========== PACKET #8 ==========
Direction: REMOTEâ†’LOCAL
Type: 0x0a (BEACON_RESP), Nonce: 0x23c9
Length: 60 bytes

  0000: 00 0d 3a 50 22 73 00 0d 3a 1f 26 09 88 6f 58 42 
  0010: 4f 58 01 01 04 0a 23 c9 2d 11 02 80 00 00 00 00 
  0020: 00 00 00 00 00 00 00 00 00 00 00 00 00 00 00 00 
  0030: 00 00 00 00 00 00 00 00 00 00 00 00 


========== PACKET #9 ==========
Direction: REMOTEâ†’LOCAL
Type: 0x09 (BEACON_REQ), Nonce: 0x23ca
Length: 60 bytes

  0000: 00 0d 3a 1f 26 09 00 0d 3a 50 22 73 88 6f 58 42 
  0010: 4f 58 01 01 03 09 23 ca 30 91 00 00 00 00 00 00 
  0020: 00 00 00 00 00 00 00 00 00 00 00 00 00 00 00 00 
  0030: 00 00 00 00 00 00 00 00 00 00 00 00 


========== PACKET #10 ==========
Direction: REMOTEâ†’LOCAL
Type: 0x0a (BEACON_RESP), Nonce: 0x23ca
Length: 60 bytes

  0000: 00 0d 3a 50 22 73 00 0d 3a 1f 26 09 88 6f 58 42 
  0010: 4f 58 01 01 04 0a 23 ca 2d 10 02 80 00 00 00 00 
  0020: 00 00 00 00 00 00 00 00 00 00 00 00 00 00 00 00 
  0030: 00 00 00 00 00 00 00 00 00 00 00 00 


========== PACKET #11 ==========
Direction: REMOTEâ†’LOCAL
Type: 0x09 (BEACON_REQ), Nonce: 0x23cb
Length: 60 bytes

  0000: 00 0d 3a 1f 26 09 00 0d 3a 50 22 73 88 6f 58 42 
  0010: 4f 58 01 01 03 09 23 cb 30 90 00 00 00 00 00 00 
  0020: 00 00 00 00 00 00 00 00 00 00 00 00 00 00 00 00 
  0030: 00 00 00 00 00 00 00 00 00 00 00 00 


========== PACKET #12 ==========
Direction: REMOTEâ†’LOCAL
Type: 0x0a (BEACON_RESP), Nonce: 0x23cb
Length: 60 bytes

  0000: 00 0d 3a 50 22 73 00 0d 3a 1f 26 09 88 6f 58 42 
  0010: 4f 58 01 01 04 0a 23 cb 2d 0f 02 80 00 00 00 00 
  0020: 00 00 00 00 00 00 00 00 00 00 00 00 00 00 00 00 
  0030: 00 00 00 00 00 00 00 00 00 00 00 00 


========== PACKET #13 ==========
Direction: REMOTEâ†’LOCAL
Type: 0x09 (BEACON_REQ), Nonce: 0x23cc
Length: 60 bytes

  0000: 00 0d 3a 1f 26 09 00 0d 3a 50 22 73 88 6f 58 42 
  0010: 4f 58 01 01 03 09 23 cc 30 8f 00 00 00 00 00 00 
  0020: 00 00 00 00 00 00 00 00 00 00 00 00 00 00 00 00 
  0030: 00 00 00 00 00 00 00 00 00 00 00 00 


========== PACKET #14 ==========
Direction: REMOTEâ†’LOCAL
Type: 0x0a (BEACON_RESP), Nonce: 0x23cc
Length: 60 bytes

  0000: 00 0d 3a 50 22 73 00 0d 3a 1f 26 09 88 6f 58 42 
  0010: 4f 58 01 01 04 0a 23 cc 2d 0e 02 80 00 00 00 00 
  0020: 00 00 00 00 00 00 00 00 00 00 00 00 00 00 00 00 
  0030: 00 00 00 00 00 00 00 00 00 00 00 00 


========== PACKET #15 ==========
Direction: REMOTEâ†’LOCAL
Type: 0x03 (NETWORKS_LIST_REQ), Nonce: 0x23cd
Length: 60 bytes

  0000: 00 0d 3a 1f 26 09 00 0d 3a 50 22 73 88 6f 58 42 
  0010: 4f 58 01 01 03 03 23 cd 30 94 00 00 00 00 00 00 
  0020: 00 00 00 00 00 00 00 00 00 00 00 00 00 00 00 00 
  0030: 00 00 00 00 00 00 00 00 00 00 00 00 


========== PACKET #16 ==========
Direction: REMOTEâ†’LOCAL
Type: 0x04 (NETWORKS_LIST_RESP), Nonce: 0x23cd
Length: 150 bytes

  0000: 00 0d 3a 50 22 73 00 0d 3a 1f 26 09 88 6f 58 42 
  0010: 4f 58 01 01 22 04 23 cd 03 5b 02 b4 b0 24 59 b8 
  0020: 0a 01 0a 41 64 75 6c 74 73 32 2e 34 47 00 00 00 
  0030: 00 00 00 00 00 00 00 00 00 00 00 00 00 00 00 00 
  0040: 00 00 00 02 01 04 06 dd 0c 12 18 24 30 48 60 6c 
  0050: 00 00 00 00 00 00 00 00 b6 b0 24 59 b8 0a 01 08 
  0060: 4b 69 64 73 32 2e 34 67 00 00 00 00 00 00 00 00 
  0070: 00 00 00 00 00 00 00 00 00 00 00 00 00 00 00 00 
  0080: 02 01 02 01 de 0c 12 18 24 30 48 60 6c 00 00 00 
  0090: 00 00 00 00 00 00 


========== PACKET #17 ==========
Direction: REMOTEâ†’LOCAL
Type: 0x09 (BEACON_REQ), Nonce: 0x23ce
Length: 60 bytes

  0000: 00 0d 3a 1f 26 09 00 0d 3a 50 22 73 88 6f 58 42 
  0010: 4f 58 01 01 03 09 23 ce 30 8d 00 00 00 00 00 00 
  0020: 00 00 00 00 00 00 00 00 00 00 00 00 00 00 00 00 
  0030: 00 00 00 00 00 00 00 00 00 00 00 00 


========== PACKET #18 ==========
Direction: REMOTEâ†’LOCAL
Type: 0x0a (BEACON_RESP), Nonce: 0x23ce
Length: 60 bytes

  0000: 00 0d 3a 50 22 73 00 0d 3a 1f 26 09 88 6f 58 42 
  0010: 4f 58 01 01 04 0a 23 ce 2d 0c 02 80 00 00 00 00 
  0020: 00 00 00 00 00 00 00 00 00 00 00 00 00 00 00 00 
  0030: 00 00 00 00 00 00 00 00 00 00 00 00 


========== PACKET #19 ==========
Direction: REMOTEâ†’LOCAL
Type: 0x09 (BEACON_REQ), Nonce: 0x23cf
Length: 60 bytes

  0000: 00 0d 3a 1f 26 09 00 0d 3a 50 22 73 88 6f 58 42 
  0010: 4f 58 01 01 03 09 23 cf 30 8c 00 00 00 00 00 00 
  0020: 00 00 00 00 00 00 00 00 00 00 00 00 00 00 00 00 
  0030: 00 00 00 00 00 00 00 00 00 00 00 00 


========== PACKET #20 ==========
Direction: REMOTEâ†’LOCAL
Type: 0x0a (BEACON_RESP), Nonce: 0x23cf
Length: 60 bytes

  0000: 00 0d 3a 50 22 73 00 0d 3a 1f 26 09 88 6f 58 42 
  0010: 4f 58 01 01 04 0a 23 cf 2d 0b 02 80 00 00 00 00 
  0020: 00 00 00 00 00 00 00 00 00 00 00 00 00 00 00 00 
  0030: 00 00 00 00 00 00 00 00 00 00 00 00 


========== PACKET #21 ==========
Direction: REMOTEâ†’LOCAL
Type: 0x01 (HANDSHAKE_REQ), Nonce: 0x37c3
Length: 60 bytes

  0000: ff ff ff ff ff ff 00 0d 3a 50 22 73 88 6f 58 42 
  0010: 4f 58 01 01 07 01 37 c3 52 4d d4 33 3c 6c 23 dc 
  0020: b1 ca fa 26 ab b9 46 f2 f3 38 00 00 00 00 00 00 
  0030: 00 00 00 00 00 00 00 00 00 00 00 00 

