Xbox Wireless Protocol Capture
Started: Wed Mar  4 11:08:27 2026
========================================


========== PACKET #1 ==========
Direction: REMOTE LOCAL
Type: 0x09 (BEACON_REQ), Nonce: 0x10fb
Length: 60 bytes

  0000: 00 12 5a 33 fa 31 00 00 31 23 45 67 88 6f 58 42 
  0010: 4f 58 01 01 03 09 10 fb 43 60 00 00 00 00 00 00 
  0020: 00 00 00 00 00 00 00 00 00 00 00 00 00 00 00 00 
  0030: 00 00 00 00 00 00 00 00 00 00 00 00 


========== PACKET #2 ==========
Direction: REMOTE LOCAL
Type: 0x0a (BEACON_RESP), Nonce: 0x10fb
Length: 60 bytes

  0000: 00 00 31 23 45 67 00 12 5a 33 fa 31 88 6f 58 42 
  0010: 4f 58 01 01 04 0a 10 fb d3 de 02 80 6c 00 00 00 
  0020: 00 00 00 00 00 00 00 00 00 00 00 00 00 00 00 00 
  0030: 00 00 00 00 00 00 00 00 00 00 00 00 


========== PACKET #3 ==========
Direction: REMOTE LOCAL
Type: 0x09 (BEACON_REQ), Nonce: 0x10fc
Length: 60 bytes

  0000: 00 12 5a 33 fa 31 00 00 31 23 45 67 88 6f 58 42 
  0010: 4f 58 01 01 03 09 10 fc 43 5f 00 00 00 00 00 00 
  0020: 00 00 00 00 00 00 00 00 00 00 00 00 00 00 00 00 
  0030: 00 00 00 00 00 00 00 00 00 00 00 00 


========== PACKET #4 ==========
Direction: REMOTE LOCAL
Type: 0x0a (BEACON_RESP), Nonce: 0x10fc
Length: 60 bytes

  0000: 00 00 31 23 45 67 00 12 5a 33 fa 31 88 6f 58 42 
  0010: 4f 58 01 01 04 0a 10 fc d3 dd 02 80 6c 00 00 00 
  0020: 00 00 00 00 00 00 00 00 00 00 00 00 00 00 00 00 
  0030: 00 00 00 00 00 00 00 00 00 00 00 00 


========== PACKET #5 ==========
Direction: REMOTE LOCAL
Type: 0x09 (BEACON_REQ), Nonce: 0x10fd
Length: 60 bytes

  0000: 00 12 5a 33 fa 31 00 00 31 23 45 67 88 6f 58 42 
  0010: 4f 58 01 01 03 09 10 fd 43 5e 00 00 00 00 00 00 
  0020: 00 00 00 00 00 00 00 00 00 00 00 00 00 00 00 00 
  0030: 00 00 00 00 00 00 00 00 00 00 00 00 


========== PACKET #6 ==========
Direction: REMOTE LOCAL
Type: 0x0a (BEACON_RESP), Nonce: 0x10fd
Length: 60 bytes

  0000: 00 00 31 23 45 67 00 12 5a 33 fa 31 88 6f 58 42 
  0010: 4f 58 01 01 04 0a 10 fd d3 dc 02 80 6c 00 00 00 
  0020: 00 00 00 00 00 00 00 00 00 00 00 00 00 00 00 00 
  0030: 00 00 00 00 00 00 00 00 00 00 00 00 


========== PACKET #7 ==========
Direction: REMOTE LOCAL
Type: 0x09 (BEACON_REQ), Nonce: 0x10fe
Length: 60 bytes

  0000: 00 12 5a 33 fa 31 00 00 31 23 45 67 88 6f 58 42 
  0010: 4f 58 01 01 03 09 10 fe 43 5d 00 00 00 00 00 00 
  0020: 00 00 00 00 00 00 00 00 00 00 00 00 00 00 00 00 
  0030: 00 00 00 00 00 00 00 00 00 00 00 00 


========== PACKET #8 ==========
Direction: REMOTE LOCAL
Type: 0x0a (BEACON_RESP), Nonce: 0x10fe
Length: 60 bytes

  0000: 00 00 31 23 45 67 00 12 5a 33 fa 31 88 6f 58 42 
  0010: 4f 58 01 01 04 0a 10 fe d3 db 02 80 6c 00 00 00 
  0020: 00 00 00 00 00 00 00 00 00 00 00 00 00 00 00 00 
  0030: 00 00 00 00 00 00 00 00 00 00 00 00 


========== PACKET #9 ==========
Direction: REMOTE LOCAL
Type: 0x09 (BEACON_REQ), Nonce: 0x10ff
Length: 60 bytes

  0000: 00 12 5a 33 fa 31 00 00 31 23 45 67 88 6f 58 42 
  0010: 4f 58 01 01 03 09 10 ff 43 5c 00 00 00 00 00 00 
  0020: 00 00 00 00 00 00 00 00 00 00 00 00 00 00 00 00 
  0030: 00 00 00 00 00 00 00 00 00 00 00 00 


========== PACKET #10 ==========
Direction: REMOTE LOCAL
Type: 0x0a (BEACON_RESP), Nonce: 0x10ff
Length: 60 bytes

  0000: 00 00 31 23 45 67 00 12 5a 33 fa 31 88 6f 58 42 
  0010: 4f 58 01 01 04 0a 10 ff d3 da 02 80 6c 00 00 00 
  0020: 00 00 00 00 00 00 00 00 00 00 00 00 00 00 00 00 
  0030: 00 00 00 00 00 00 00 00 00 00 00 00 


========== PACKET #11 ==========
Direction: REMOTE LOCAL
Type: 0x09 (BEACON_REQ), Nonce: 0x1100
Length: 60 bytes

  0000: 00 12 5a 33 fa 31 00 00 31 23 45 67 88 6f 58 42 
  0010: 4f 58 01 01 03 09 11 00 43 5b 00 00 00 00 00 00 
  0020: 00 00 00 00 00 00 00 00 00 00 00 00 00 00 00 00 
  0030: 00 00 00 00 00 00 00 00 00 00 00 00 


========== PACKET #12 ==========
Direction: REMOTE LOCAL
Type: 0x0a (BEACON_RESP), Nonce: 0x1100
Length: 60 bytes

  0000: 00 00 31 23 45 67 00 12 5a 33 fa 31 88 6f 58 42 
  0010: 4f 58 01 01 04 0a 11 00 d5 82 00 d7 6c 00 00 00 
  0020: 00 00 00 00 00 00 00 00 00 00 00 00 00 00 00 00 
  0030: 00 00 00 00 00 00 00 00 00 00 00 00 


========== PACKET #13 ==========
Direction: REMOTE LOCAL
Type: 0x09 (BEACON_REQ), Nonce: 0x1101
Length: 60 bytes

  0000: 00 12 5a 33 fa 31 00 00 31 23 45 67 88 6f 58 42 
  0010: 4f 58 01 01 03 09 11 01 43 5a 00 00 00 00 00 00 
  0020: 00 00 00 00 00 00 00 00 00 00 00 00 00 00 00 00 
  0030: 00 00 00 00 00 00 00 00 00 00 00 00 


========== PACKET #14 ==========
Direction: REMOTE LOCAL
Type: 0x0a (BEACON_RESP), Nonce: 0x1101
Length: 60 bytes

  0000: 00 00 31 23 45 67 00 12 5a 33 fa 31 88 6f 58 42 
  0010: 4f 58 01 01 04 0a 11 01 d5 81 00 d7 6c 00 00 00 
  0020: 00 00 00 00 00 00 00 00 00 00 00 00 00 00 00 00 
  0030: 00 00 00 00 00 00 00 00 00 00 00 00 


========== PACKET #15 ==========
Direction: REMOTE LOCAL
Type: 0x05 (ADAPTER_INFO_REQ), Nonce: 0x1102
Length: 60 bytes

  0000: 00 12 5a 33 fa 31 00 00 31 23 45 67 88 6f 58 42 
  0010: 4f 58 01 01 08 05 11 02 05 22 09 01 04 02 01 04 
  0020: 01 05 01 06 06 07 20 08 01 09 01 11 01 00 00 00 
  0030: 00 00 00 00 00 00 00 00 00 00 00 00 


========== PACKET #16 ==========
Direction: REMOTE LOCAL
Type: 0x06 (ADAPTER_INFO_RESP), Nonce: 0x1102
Length: 66 bytes

  0000: 00 00 31 23 45 67 00 12 5a 33 fa 31 88 6f 58 42 
  0010: 4f 58 01 01 0d 06 11 02 db 2c 00 09 01 04 c0 a8 
  0020: 01 96 02 01 00 04 01 01 05 01 03 06 06 c4 4b d1 
  0030: 00 47 4e 07 04 6f 70 65 6e 08 01 02 09 01 01 11 
  0040: 01 02 


========== PACKET #17 ==========
Direction: REMOTE LOCAL
Type: 0x09 (BEACON_REQ), Nonce: 0x1103
Length: 60 bytes

  0000: 00 12 5a 33 fa 31 00 00 31 23 45 67 88 6f 58 42 
  0010: 4f 58 01 01 03 09 11 03 43 58 00 00 00 00 00 00 
  0020: 00 00 00 00 00 00 00 00 00 00 00 00 00 00 00 00 
  0030: 00 00 00 00 00 00 00 00 00 00 00 00 


========== PACKET #18 ==========
Direction: REMOTE LOCAL
Type: 0x0a (BEACON_RESP), Nonce: 0x1103
Length: 60 bytes

  0000: 00 00 31 23 45 67 00 12 5a 33 fa 31 88 6f 58 42 
  0010: 4f 58 01 01 04 0a 11 03 d3 d6 02 80 6c 00 00 00 
  0020: 00 00 00 00 00 00 00 00 00 00 00 00 00 00 00 00 
  0030: 00 00 00 00 00 00 00 00 00 00 00 00 


========== PACKET #19 ==========
Direction: REMOTE LOCAL
Type: 0x09 (BEACON_REQ), Nonce: 0x1104
Length: 60 bytes

  0000: 00 12 5a 33 fa 31 00 00 31 23 45 67 88 6f 58 42 
  0010: 4f 58 01 01 03 09 11 04 43 57 00 00 00 00 00 00 
  0020: 00 00 00 00 00 00 00 00 00 00 00 00 00 00 00 00 
  0030: 00 00 00 00 00 00 00 00 00 00 00 00 


========== PACKET #20 ==========
Direction: REMOTE LOCAL
Type: 0x0a (BEACON_RESP), Nonce: 0x1104
Length: 60 bytes

  0000: 00 00 31 23 45 67 00 12 5a 33 fa 31 88 6f 58 42 
  0010: 4f 58 01 01 04 0a 11 04 d3 d5 02 80 6c 00 00 00 
  0020: 00 00 00 00 00 00 00 00 00 00 00 00 00 00 00 00 
  0030: 00 00 00 00 00 00 00 00 00 00 00 00 


========== PACKET #21 ==========
Direction: REMOTE LOCAL
Type: 0x09 (BEACON_REQ), Nonce: 0x1105
Length: 60 bytes

  0000: 00 12 5a 33 fa 31 00 00 31 23 45 67 88 6f 58 42 
  0010: 4f 58 01 01 03 09 11 05 43 56 00 00 00 00 00 00 
  0020: 00 00 00 00 00 00 00 00 00 00 00 00 00 00 00 00 
  0030: 00 00 00 00 00 00 00 00 00 00 00 00 


========== PACKET #22 ==========
Direction: REMOTE LOCAL
Type: 0x0a (BEACON_RESP), Nonce: 0x1105
Length: 60 bytes

  0000: 00 00 31 23 45 67 00 12 5a 33 fa 31 88 6f 58 42 
  0010: 4f 58 01 01 04 0a 11 05 d3 d4 02 80 6c 00 00 00 
  0020: 00 00 00 00 00 00 00 00 00 00 00 00 00 00 00 00 
  0030: 00 00 00 00 00 00 00 00 00 00 00 00 


========== PACKET #23 ==========
Direction: REMOTE LOCAL
Type: 0x09 (BEACON_REQ), Nonce: 0x1106
Length: 60 bytes

  0000: 00 12 5a 33 fa 31 00 00 31 23 45 67 88 6f 58 42 
  0010: 4f 58 01 01 03 09 11 06 43 55 00 00 00 00 00 00 
  0020: 00 00 00 00 00 00 00 00 00 00 00 00 00 00 00 00 
  0030: 00 00 00 00 00 00 00 00 00 00 00 00 


========== PACKET #24 ==========
Direction: REMOTE LOCAL
Type: 0x0a (BEACON_RESP), Nonce: 0x1106
Length: 60 bytes

  0000: 00 00 31 23 45 67 00 12 5a 33 fa 31 88 6f 58 42 
  0010: 4f 58 01 01 04 0a 11 06 d3 d3 02 80 6c 00 00 00 
  0020: 00 00 00 00 00 00 00 00 00 00 00 00 00 00 00 00 
  0030: 00 00 00 00 00 00 00 00 00 00 00 00 


========== PACKET #25 ==========
Direction: REMOTE LOCAL
Type: 0x09 (BEACON_REQ), Nonce: 0x1107
Length: 60 bytes

  0000: 00 12 5a 33 fa 31 00 00 31 23 45 67 88 6f 58 42 
  0010: 4f 58 01 01 03 09 11 07 43 54 00 00 00 00 00 00 
  0020: 00 00 00 00 00 00 00 00 00 00 00 00 00 00 00 00 
  0030: 00 00 00 00 00 00 00 00 00 00 00 00 


========== PACKET #26 ==========
Direction: REMOTE LOCAL
Type: 0x0a (BEACON_RESP), Nonce: 0x1107
Length: 60 bytes

  0000: 00 00 31 23 45 67 00 12 5a 33 fa 31 88 6f 58 42 
  0010: 4f 58 01 01 04 0a 11 07 d3 d2 02 80 6c 00 00 00 
  0020: 00 00 00 00 00 00 00 00 00 00 00 00 00 00 00 00 
  0030: 00 00 00 00 00 00 00 00 00 00 00 00 


========== PACKET #27 ==========
Direction: REMOTE LOCAL
Type: 0x09 (BEACON_REQ), Nonce: 0x1108
Length: 60 bytes

  0000: 00 12 5a 33 fa 31 00 00 31 23 45 67 88 6f 58 42 
  0010: 4f 58 01 01 03 09 11 08 43 53 00 00 00 00 00 00 
  0020: 00 00 00 00 00 00 00 00 00 00 00 00 00 00 00 00 
  0030: 00 00 00 00 00 00 00 00 00 00 00 00 

