Xbox Wireless Protocol Capture
Started: Wed Mar  4 10:45:10 2026
========================================


========== PACKET #1 ==========
Direction: REMOTE LOCAL
Type: 0x01 (HANDSHAKE_REQ), Nonce: 0x561a
Length: 60 bytes

  0000: ff ff ff ff ff ff 00 00 31 23 45 67 88 6f 58 42 
  0010: 4f 58 01 01 07 01 56 1a 87 8f 76 8f 5e f6 a2 77 
  0020: fb 47 90 3a 83 56 d5 46 16 9c 00 00 00 00 00 00 
  0030: 00 00 00 00 00 00 00 00 00 00 00 00 


========== PACKET #2 ==========
Direction: REMOTE LOCAL
Type: 0x02 (HANDSHAKE_RESP), Nonce: 0x561a
Length: 282 bytes

  0000: 00 00 31 23 45 67 00 12 5a 33 fa 31 88 6f 58 42 
  0010: 4f 58 01 01 43 02 56 1a 71 9d f2 9b f9 a1 5e 38 
  0020: fd 63 55 81 8c 35 b6 a4 e5 0c 63 7c 4e df 44 65 
  0030: 76 69 63 65 20 69 73 20 58 62 6f 78 20 43 6f 6d 
  0040: 70 61 74 69 62 6c 65 2e 20 43 6f 70 79 72 69 67 
  0050: 68 74 20 28 63 29 20 4d 69 63 72 6f 73 6f 66 74 
  0060: 20 43 6f 72 70 6f 72 61 74 69 6f 6e 2e 20 41 6c 
  0070: 6c 20 52 69 67 68 74 73 20 52 65 73 65 72 76 65 
  0080: 64 2e 58 62 6f 78 20 57 69 72 65 6c 65 73 73 20 
  0090: 41 64 61 70 74 65 72 20 28 4d 4e 2d 37 34 30 29 
  00a0: 00 00 31 2e 30 2e 32 2e 32 36 20 42 6f 6f 74 3a 
  00b0: 20 31 2e 33 2e 30 2e 30 36 00 00 00 00 00 00 00 
  00c0: 00 00 00 00 00 00 00 00 06 07 00 00 0f fe 00 00 
  00d0: 00 00 00 00 00 00 00 00 00 00 00 00 00 00 00 00 
  00e0: 00 00 00 00 00 00 00 00 00 00 05 00 c0 a8 01 96 
  00f0: 01 03 00 0b 00 06 6d 73 68 6f 6d 65 00 00 00 00 
  0100: 00 00 00 00 00 00 00 00 00 00 00 00 00 00 00 00 
  0110: 00 00 00 00 00 00 02 01 00 00 


========== PACKET #3 ==========
Direction: REMOTE LOCAL
Type: 0x09 (BEACON_REQ), Nonce: 0x561b
Length: 60 bytes

  0000: 00 12 5a 33 fa 31 00 00 31 23 45 67 88 6f 58 42 
  0010: 4f 58 01 01 03 09 56 1b fe 3f 00 00 00 00 00 00 
  0020: 00 00 00 00 00 00 00 00 00 00 00 00 00 00 00 00 
  0030: 00 00 00 00 00 00 00 00 00 00 00 00 


========== PACKET #4 ==========
Direction: REMOTE LOCAL
Type: 0x0a (BEACON_RESP), Nonce: 0x561b
Length: 60 bytes

  0000: 00 00 31 23 45 67 00 12 5a 33 fa 31 88 6f 58 42 
  0010: 4f 58 01 01 04 0a 56 1b e3 be 03 80 16 00 00 00 
  0020: 00 00 00 00 00 00 00 00 00 00 00 00 00 00 00 00 
  0030: 00 00 00 00 00 00 00 00 00 00 00 00 


========== PACKET #5 ==========
Direction: REMOTE LOCAL
Type: 0x09 (BEACON_REQ), Nonce: 0x561c
Length: 60 bytes

  0000: 00 12 5a 33 fa 31 00 00 31 23 45 67 88 6f 58 42 
  0010: 4f 58 01 01 03 09 56 1c fe 3e 00 00 00 00 00 00 
  0020: 00 00 00 00 00 00 00 00 00 00 00 00 00 00 00 00 
  0030: 00 00 00 00 00 00 00 00 00 00 00 00 


========== PACKET #6 ==========
Direction: REMOTE LOCAL
Type: 0x0a (BEACON_RESP), Nonce: 0x561c
Length: 60 bytes

  0000: 00 00 31 23 45 67 00 12 5a 33 fa 31 88 6f 58 42 
  0010: 4f 58 01 01 04 0a 56 1c e3 bd 03 80 16 00 00 00 
  0020: 00 00 00 00 00 00 00 00 00 00 00 00 00 00 00 00 
  0030: 00 00 00 00 00 00 00 00 00 00 00 00 


========== PACKET #7 ==========
Direction: REMOTE LOCAL
Type: 0x09 (BEACON_REQ), Nonce: 0x561d
Length: 60 bytes

  0000: 00 12 5a 33 fa 31 00 00 31 23 45 67 88 6f 58 42 
  0010: 4f 58 01 01 03 09 56 1d fe 3d 00 00 00 00 00 00 
  0020: 00 00 00 00 00 00 00 00 00 00 00 00 00 00 00 00 
  0030: 00 00 00 00 00 00 00 00 00 00 00 00 


========== PACKET #8 ==========
Direction: REMOTE LOCAL
Type: 0x0a (BEACON_RESP), Nonce: 0x561d
Length: 60 bytes

  0000: 00 00 31 23 45 67 00 12 5a 33 fa 31 88 6f 58 42 
  0010: 4f 58 01 01 04 0a 56 1d e3 bc 03 80 16 00 00 00 
  0020: 00 00 00 00 00 00 00 00 00 00 00 00 00 00 00 00 
  0030: 00 00 00 00 00 00 00 00 00 00 00 00 


========== PACKET #9 ==========
Direction: REMOTE LOCAL
Type: 0x09 (BEACON_REQ), Nonce: 0x561e
Length: 60 bytes

  0000: 00 12 5a 33 fa 31 00 00 31 23 45 67 88 6f 58 42 
  0010: 4f 58 01 01 03 09 56 1e fe 3c 00 00 00 00 00 00 
  0020: 00 00 00 00 00 00 00 00 00 00 00 00 00 00 00 00 
  0030: 00 00 00 00 00 00 00 00 00 00 00 00 


========== PACKET #10 ==========
Direction: REMOTE LOCAL
Type: 0x0a (BEACON_RESP), Nonce: 0x561e
Length: 60 bytes

  0000: 00 00 31 23 45 67 00 12 5a 33 fa 31 88 6f 58 42 
  0010: 4f 58 01 01 04 0a 56 1e e3 bb 03 80 16 00 00 00 
  0020: 00 00 00 00 00 00 00 00 00 00 00 00 00 00 00 00 
  0030: 00 00 00 00 00 00 00 00 00 00 00 00 


========== PACKET #11 ==========
Direction: REMOTE LOCAL
Type: 0x03 (NETWORKS_LIST_REQ), Nonce: 0x561f
Length: 60 bytes

  0000: 00 12 5a 33 fa 31 00 00 31 23 45 67 88 6f 58 42 
  0010: 4f 58 01 01 03 03 56 1f fe 41 00 00 00 00 00 00 
  0020: 00 00 00 00 00 00 00 00 00 00 00 00 00 00 00 00 
  0030: 00 00 00 00 00 00 00 00 00 00 00 00 


========== PACKET #12 ==========
Direction: REMOTE LOCAL
Type: 0x04 (NETWORKS_LIST_RESP), Nonce: 0x561f
Length: 334 bytes

  0000: 00 00 31 23 45 67 00 12 5a 33 fa 31 88 6f 58 42 
  0010: 4f 58 01 01 50 04 56 1f 90 f2 05 b6 b0 24 59 b8 
  0020: 0a 01 08 4b 69 64 73 32 2e 34 67 00 00 00 00 00 
  0030: 00 00 00 00 00 00 00 00 00 00 00 00 00 00 00 00 
  0040: 00 00 00 02 01 02 01 de 0c 12 18 24 30 48 60 6c 
  0050: 00 00 00 00 00 00 00 00 b4 b0 24 59 b8 0a 01 0a 
  0060: 41 64 75 6c 74 73 32 2e 34 47 00 00 00 00 00 00 
  0070: 00 00 00 00 00 00 00 00 00 00 00 00 00 00 00 00 
  0080: 02 01 04 06 df 0c 12 18 24 30 48 60 6c 00 00 00 
  0090: 00 00 00 00 00 c2 4b d1 00 47 4e 01 0c 77 65 70 
  00a0: 73 68 61 72 65 64 6b 65 79 00 00 00 00 00 00 00 
  00b0: 00 00 00 00 00 00 00 00 00 00 00 00 00 02 03 02 
  00c0: 01 dd 0c 12 18 24 30 48 60 6c 00 00 00 00 00 00 
  00d0: 00 00 c4 4b d1 00 47 4e 01 04 6f 70 65 6e 00 00 
  00e0: 00 00 00 00 00 00 00 00 00 00 00 00 00 00 00 00 
  00f0: 00 00 00 00 00 00 00 00 00 00 02 03 02 01 dd 0c 
  0100: 12 18 24 30 48 60 6c 00 00 00 00 00 00 00 00 c6 
  0110: 4b d1 00 47 4e 01 0a 77 65 70 6f 70 65 6e 6b 65 
  0120: 79 00 00 00 00 00 00 00 00 00 00 00 00 00 00 00 
  0130: 00 00 00 00 00 00 00 02 03 02 01 dc 0c 12 18 24 
  0140: 30 48 60 6c 00 00 00 00 00 00 00 00 00 00 


========== PACKET #13 ==========
Direction: REMOTE LOCAL
Type: 0x07 (CONNECT_REQ), Nonce: 0x5620
Length: 60 bytes

  0000: 00 12 5a 33 fa 31 00 00 31 23 45 67 88 6f 58 42 
  0010: 4f 58 01 01 07 07 56 20 07 54 03 04 01 01 07 04 
  0020: 6f 70 65 6e 11 01 02 00 00 00 00 00 00 00 00 00 
  0030: 00 00 00 00 00 00 00 00 00 00 00 00 


========== PACKET #14 ==========
Direction: REMOTE LOCAL
Type: 0x08 (CONNECT_RESP), Nonce: 0x5620
Length: 60 bytes

  0000: 00 00 31 23 45 67 00 12 5a 33 fa 31 88 6f 58 42 
  0010: 4f 58 01 01 04 08 56 20 fd 3b 00 00 00 00 00 00 
  0020: 00 00 00 00 00 00 00 00 00 00 00 00 00 00 00 00 
  0030: 00 00 00 00 00 00 00 00 00 00 00 00 


========== PACKET #15 ==========
Direction: REMOTE LOCAL
Type: 0x09 (BEACON_REQ), Nonce: 0x5621
Length: 60 bytes

  0000: 00 12 5a 33 fa 31 00 00 31 23 45 67 88 6f 58 42 
  0010: 4f 58 01 01 03 09 56 21 fe 39 00 00 00 00 00 00 
  0020: 00 00 00 00 00 00 00 00 00 00 00 00 00 00 00 00 
  0030: 00 00 00 00 00 00 00 00 00 00 00 00 


========== PACKET #16 ==========
Direction: REMOTE LOCAL
Type: 0x0a (BEACON_RESP), Nonce: 0x5621
Length: 60 bytes

  0000: 00 00 31 23 45 67 00 12 5a 33 fa 31 88 6f 58 42 
  0010: 4f 58 01 01 04 0a 56 21 e3 b8 03 80 16 00 00 00 
  0020: 00 00 00 00 00 00 00 00 00 00 00 00 00 00 00 00 
  0030: 00 00 00 00 00 00 00 00 00 00 00 00 


========== PACKET #17 ==========
Direction: REMOTE LOCAL
Type: 0x09 (BEACON_REQ), Nonce: 0x5622
Length: 60 bytes

  0000: 00 12 5a 33 fa 31 00 00 31 23 45 67 88 6f 58 42 
  0010: 4f 58 01 01 03 09 56 22 fe 38 00 00 00 00 00 00 
  0020: 00 00 00 00 00 00 00 00 00 00 00 00 00 00 00 00 
  0030: 00 00 00 00 00 00 00 00 00 00 00 00 


========== PACKET #18 ==========
Direction: REMOTE LOCAL
Type: 0x0a (BEACON_RESP), Nonce: 0x5622
Length: 60 bytes

  0000: 00 00 31 23 45 67 00 12 5a 33 fa 31 88 6f 58 42 
  0010: 4f 58 01 01 04 0a 56 22 e3 b7 03 80 16 00 00 00 
  0020: 00 00 00 00 00 00 00 00 00 00 00 00 00 00 00 00 
  0030: 00 00 00 00 00 00 00 00 00 00 00 00 


========== PACKET #19 ==========
Direction: REMOTE LOCAL
Type: 0x09 (BEACON_REQ), Nonce: 0x5623
Length: 60 bytes

  0000: 00 12 5a 33 fa 31 00 00 31 23 45 67 88 6f 58 42 
  0010: 4f 58 01 01 03 09 56 23 fe 37 00 00 00 00 00 00 
  0020: 00 00 00 00 00 00 00 00 00 00 00 00 00 00 00 00 
  0030: 00 00 00 00 00 00 00 00 00 00 00 00 


========== PACKET #20 ==========
Direction: REMOTE LOCAL
Type: 0x0a (BEACON_RESP), Nonce: 0x5623
Length: 60 bytes

  0000: 00 00 31 23 45 67 00 12 5a 33 fa 31 88 6f 58 42 
  0010: 4f 58 01 01 04 0a 56 23 e3 b6 03 80 16 00 00 00 
  0020: 00 00 00 00 00 00 00 00 00 00 00 00 00 00 00 00 
  0030: 00 00 00 00 00 00 00 00 00 00 00 00 


========== PACKET #21 ==========
Direction: REMOTE LOCAL
Type: 0x09 (BEACON_REQ), Nonce: 0x5624
Length: 60 bytes

  0000: 00 12 5a 33 fa 31 00 00 31 23 45 67 88 6f 58 42 
  0010: 4f 58 01 01 03 09 56 24 fe 36 00 00 00 00 00 00 
  0020: 00 00 00 00 00 00 00 00 00 00 00 00 00 00 00 00 
  0030: 00 00 00 00 00 00 00 00 00 00 00 00 


========== PACKET #22 ==========
Direction: REMOTE LOCAL
Type: 0x09 (BEACON_REQ), Nonce: 0x5625
Length: 60 bytes

  0000: 00 12 5a 33 fa 31 00 00 31 23 45 67 88 6f 58 42 
  0010: 4f 58 01 01 03 09 56 25 fe 35 00 00 00 00 00 00 
  0020: 00 00 00 00 00 00 00 00 00 00 00 00 00 00 00 00 
  0030: 00 00 00 00 00 00 00 00 00 00 00 00 


========== PACKET #23 ==========
Direction: REMOTE LOCAL
Type: 0x09 (BEACON_REQ), Nonce: 0x5626
Length: 60 bytes

  0000: 00 12 5a 33 fa 31 00 00 31 23 45 67 88 6f 58 42 
  0010: 4f 58 01 01 03 09 56 26 fe 34 00 00 00 00 00 00 
  0020: 00 00 00 00 00 00 00 00 00 00 00 00 00 00 00 00 
  0030: 00 00 00 00 00 00 00 00 00 00 00 00 


========== PACKET #24 ==========
Direction: REMOTE LOCAL
Type: 0x09 (BEACON_REQ), Nonce: 0x5627
Length: 60 bytes

  0000: 00 12 5a 33 fa 31 00 00 31 23 45 67 88 6f 58 42 
  0010: 4f 58 01 01 03 09 56 27 fe 33 00 00 00 00 00 00 
  0020: 00 00 00 00 00 00 00 00 00 00 00 00 00 00 00 00 
  0030: 00 00 00 00 00 00 00 00 00 00 00 00 


========== PACKET #25 ==========
Direction: REMOTE LOCAL
Type: 0x0a (BEACON_RESP), Nonce: 0x5627
Length: 60 bytes

  0000: 00 00 31 23 45 67 00 12 5a 33 fa 31 88 6f 58 42 
  0010: 4f 58 01 01 04 0a 56 27 f9 b2 03 80 00 00 00 00 
  0020: 00 00 00 00 00 00 00 00 00 00 00 00 00 00 00 00 
  0030: 00 00 00 00 00 00 00 00 00 00 00 00 


========== PACKET #26 ==========
Direction: REMOTE LOCAL
Type: 0x09 (BEACON_REQ), Nonce: 0x5628
Length: 60 bytes

  0000: 00 12 5a 33 fa 31 00 00 31 23 45 67 88 6f 58 42 
  0010: 4f 58 01 01 03 09 56 28 fe 32 00 00 00 00 00 00 
  0020: 00 00 00 00 00 00 00 00 00 00 00 00 00 00 00 00 
  0030: 00 00 00 00 00 00 00 00 00 00 00 00 


========== PACKET #27 ==========
Direction: REMOTE LOCAL
Type: 0x0a (BEACON_RESP), Nonce: 0x5628
Length: 60 bytes

  0000: 00 00 31 23 45 67 00 12 5a 33 fa 31 88 6f 58 42 
  0010: 4f 58 01 01 04 0a 56 28 f9 b1 03 80 00 00 00 00 
  0020: 00 00 00 00 00 00 00 00 00 00 00 00 00 00 00 00 
  0030: 00 00 00 00 00 00 00 00 00 00 00 00 


========== PACKET #28 ==========
Direction: REMOTE LOCAL
Type: 0x09 (BEACON_REQ), Nonce: 0x5629
Length: 60 bytes

  0000: 00 12 5a 33 fa 31 00 00 31 23 45 67 88 6f 58 42 
  0010: 4f 58 01 01 03 09 56 29 fe 31 00 00 00 00 00 00 
  0020: 00 00 00 00 00 00 00 00 00 00 00 00 00 00 00 00 
  0030: 00 00 00 00 00 00 00 00 00 00 00 00 


========== PACKET #29 ==========
Direction: REMOTE LOCAL
Type: 0x09 (BEACON_REQ), Nonce: 0x562a
Length: 60 bytes

  0000: 00 12 5a 33 fa 31 00 00 31 23 45 67 88 6f 58 42 
  0010: 4f 58 01 01 03 09 56 2a fe 30 00 00 00 00 00 00 
  0020: 00 00 00 00 00 00 00 00 00 00 00 00 00 00 00 00 
  0030: 00 00 00 00 00 00 00 00 00 00 00 00 


========== PACKET #30 ==========
Direction: REMOTE LOCAL
Type: 0x09 (BEACON_REQ), Nonce: 0x562b
Length: 60 bytes

  0000: 00 12 5a 33 fa 31 00 00 31 23 45 67 88 6f 58 42 
  0010: 4f 58 01 01 03 09 56 2b fe 2f 00 00 00 00 00 00 
  0020: 00 00 00 00 00 00 00 00 00 00 00 00 00 00 00 00 
  0030: 00 00 00 00 00 00 00 00 00 00 00 00 


========== PACKET #31 ==========
Direction: REMOTE LOCAL
Type: 0x09 (BEACON_REQ), Nonce: 0x562c
Length: 60 bytes

  0000: 00 12 5a 33 fa 31 00 00 31 23 45 67 88 6f 58 42 
  0010: 4f 58 01 01 03 09 56 2c fe 2e 00 00 00 00 00 00 
  0020: 00 00 00 00 00 00 00 00 00 00 00 00 00 00 00 00 
  0030: 00 00 00 00 00 00 00 00 00 00 00 00 


========== PACKET #32 ==========
Direction: REMOTE LOCAL
Type: 0x09 (BEACON_REQ), Nonce: 0x562d
Length: 60 bytes

  0000: 00 12 5a 33 fa 31 00 00 31 23 45 67 88 6f 58 42 
  0010: 4f 58 01 01 03 09 56 2d fe 2d 00 00 00 00 00 00 
  0020: 00 00 00 00 00 00 00 00 00 00 00 00 00 00 00 00 
  0030: 00 00 00 00 00 00 00 00 00 00 00 00 


========== PACKET #33 ==========
Direction: REMOTE LOCAL
Type: 0x0a (BEACON_RESP), Nonce: 0x562d
Length: 60 bytes

  0000: 00 00 31 23 45 67 00 12 5a 33 fa 31 88 6f 58 42 
  0010: 4f 58 01 01 04 0a 56 2d f9 ac 03 80 00 00 00 00 
  0020: 00 00 00 00 00 00 00 00 00 00 00 00 00 00 00 00 
  0030: 00 00 00 00 00 00 00 00 00 00 00 00 


========== PACKET #34 ==========
Direction: REMOTE LOCAL
Type: 0x09 (BEACON_REQ), Nonce: 0x562e
Length: 60 bytes

  0000: 00 12 5a 33 fa 31 00 00 31 23 45 67 88 6f 58 42 
  0010: 4f 58 01 01 03 09 56 2e fe 2c 00 00 00 00 00 00 
  0020: 00 00 00 00 00 00 00 00 00 00 00 00 00 00 00 00 
  0030: 00 00 00 00 00 00 00 00 00 00 00 00 


========== PACKET #35 ==========
Direction: REMOTE LOCAL
Type: 0x0a (BEACON_RESP), Nonce: 0x562e
Length: 60 bytes

  0000: 00 00 31 23 45 67 00 12 5a 33 fa 31 88 6f 58 42 
  0010: 4f 58 01 01 04 0a 56 2e f9 ab 03 80 00 00 00 00 
  0020: 00 00 00 00 00 00 00 00 00 00 00 00 00 00 00 00 
  0030: 00 00 00 00 00 00 00 00 00 00 00 00 


========== PACKET #36 ==========
Direction: REMOTE LOCAL
Type: 0x09 (BEACON_REQ), Nonce: 0x562f
Length: 60 bytes

  0000: 00 12 5a 33 fa 31 00 00 31 23 45 67 88 6f 58 42 
  0010: 4f 58 01 01 03 09 56 2f fe 2b 00 00 00 00 00 00 
  0020: 00 00 00 00 00 00 00 00 00 00 00 00 00 00 00 00 
  0030: 00 00 00 00 00 00 00 00 00 00 00 00 


========== PACKET #37 ==========
Direction: REMOTE LOCAL
Type: 0x09 (BEACON_REQ), Nonce: 0x5630
Length: 60 bytes

  0000: 00 12 5a 33 fa 31 00 00 31 23 45 67 88 6f 58 42 
  0010: 4f 58 01 01 03 09 56 30 fe 2a 00 00 00 00 00 00 
  0020: 00 00 00 00 00 00 00 00 00 00 00 00 00 00 00 00 
  0030: 00 00 00 00 00 00 00 00 00 00 00 00 


========== PACKET #38 ==========
Direction: REMOTE LOCAL
Type: 0x0a (BEACON_RESP), Nonce: 0x562f
Length: 60 bytes

  0000: 00 00 31 23 45 67 00 12 5a 33 fa 31 88 6f 58 42 
  0010: 4f 58 01 01 04 0a 56 2f 8d aa 03 80 6c 00 00 00 
  0020: 00 00 00 00 00 00 00 00 00 00 00 00 00 00 00 00 
  0030: 00 00 00 00 00 00 00 00 00 00 00 00 


========== PACKET #39 ==========
Direction: REMOTE LOCAL
Type: 0x0a (BEACON_RESP), Nonce: 0x5630
Length: 60 bytes

  0000: 00 00 31 23 45 67 00 12 5a 33 fa 31 88 6f 58 42 
  0010: 4f 58 01 01 04 0a 56 30 8d a9 03 80 6c 00 00 00 
  0020: 00 00 00 00 00 00 00 00 00 00 00 00 00 00 00 00 
  0030: 00 00 00 00 00 00 00 00 00 00 00 00 


========== PACKET #40 ==========
Direction: REMOTE LOCAL
Type: 0x09 (BEACON_REQ), Nonce: 0x5631
Length: 60 bytes

  0000: 00 12 5a 33 fa 31 00 00 31 23 45 67 88 6f 58 42 
  0010: 4f 58 01 01 03 09 56 31 fe 29 00 00 00 00 00 00 
  0020: 00 00 00 00 00 00 00 00 00 00 00 00 00 00 00 00 
  0030: 00 00 00 00 00 00 00 00 00 00 00 00 


========== PACKET #41 ==========
Direction: REMOTE LOCAL
Type: 0x0a (BEACON_RESP), Nonce: 0x5631
Length: 60 bytes

  0000: 00 00 31 23 45 67 00 12 5a 33 fa 31 88 6f 58 42 
  0010: 4f 58 01 01 04 0a 56 31 8d a8 03 80 6c 00 00 00 
  0020: 00 00 00 00 00 00 00 00 00 00 00 00 00 00 00 00 
  0030: 00 00 00 00 00 00 00 00 00 00 00 00 


========== PACKET #42 ==========
Direction: REMOTE LOCAL
Type: 0x09 (BEACON_REQ), Nonce: 0x5632
Length: 60 bytes

  0000: 00 12 5a 33 fa 31 00 00 31 23 45 67 88 6f 58 42 
  0010: 4f 58 01 01 03 09 56 32 fe 28 00 00 00 00 00 00 
  0020: 00 00 00 00 00 00 00 00 00 00 00 00 00 00 00 00 
  0030: 00 00 00 00 00 00 00 00 00 00 00 00 


========== PACKET #43 ==========
Direction: REMOTE LOCAL
Type: 0x0a (BEACON_RESP), Nonce: 0x5632
Length: 60 bytes

  0000: 00 00 31 23 45 67 00 12 5a 33 fa 31 88 6f 58 42 
  0010: 4f 58 01 01 04 0a 56 32 8d a7 03 80 6c 00 00 00 
  0020: 00 00 00 00 00 00 00 00 00 00 00 00 00 00 00 00 
  0030: 00 00 00 00 00 00 00 00 00 00 00 00 


========== PACKET #44 ==========
Direction: REMOTE LOCAL
Type: 0x09 (BEACON_REQ), Nonce: 0x5633
Length: 60 bytes

  0000: 00 12 5a 33 fa 31 00 00 31 23 45 67 88 6f 58 42 
  0010: 4f 58 01 01 03 09 56 33 fe 27 00 00 00 00 00 00 
  0020: 00 00 00 00 00 00 00 00 00 00 00 00 00 00 00 00 
  0030: 00 00 00 00 00 00 00 00 00 00 00 00 


========== PACKET #45 ==========
Direction: REMOTE LOCAL
Type: 0x0a (BEACON_RESP), Nonce: 0x5633
Length: 60 bytes

  0000: 00 00 31 23 45 67 00 12 5a 33 fa 31 88 6f 58 42 
  0010: 4f 58 01 01 04 0a 56 33 8d a6 03 80 6c 00 00 00 
  0020: 00 00 00 00 00 00 00 00 00 00 00 00 00 00 00 00 
  0030: 00 00 00 00 00 00 00 00 00 00 00 00 


========== PACKET #46 ==========
Direction: REMOTE LOCAL
Type: 0x09 (BEACON_REQ), Nonce: 0x5634
Length: 60 bytes

  0000: 00 12 5a 33 fa 31 00 00 31 23 45 67 88 6f 58 42 
  0010: 4f 58 01 01 03 09 56 34 fe 26 00 00 00 00 00 00 
  0020: 00 00 00 00 00 00 00 00 00 00 00 00 00 00 00 00 
  0030: 00 00 00 00 00 00 00 00 00 00 00 00 


========== PACKET #47 ==========
Direction: REMOTE LOCAL
Type: 0x0a (BEACON_RESP), Nonce: 0x5634
Length: 60 bytes

  0000: 00 00 31 23 45 67 00 12 5a 33 fa 31 88 6f 58 42 
  0010: 4f 58 01 01 04 0a 56 34 8d a5 03 80 6c 00 00 00 
  0020: 00 00 00 00 00 00 00 00 00 00 00 00 00 00 00 00 
  0030: 00 00 00 00 00 00 00 00 00 00 00 00 


========== PACKET #48 ==========
Direction: REMOTE LOCAL
Type: 0x09 (BEACON_REQ), Nonce: 0x5635
Length: 60 bytes

  0000: 00 12 5a 33 fa 31 00 00 31 23 45 67 88 6f 58 42 
  0010: 4f 58 01 01 03 09 56 35 fe 25 00 00 00 00 00 00 
  0020: 00 00 00 00 00 00 00 00 00 00 00 00 00 00 00 00 
  0030: 00 00 00 00 00 00 00 00 00 00 00 00 


========== PACKET #49 ==========
Direction: REMOTE LOCAL
Type: 0x0a (BEACON_RESP), Nonce: 0x5635
Length: 60 bytes

  0000: 00 00 31 23 45 67 00 12 5a 33 fa 31 88 6f 58 42 
  0010: 4f 58 01 01 04 0a 56 35 8d a4 03 80 6c 00 00 00 
  0020: 00 00 00 00 00 00 00 00 00 00 00 00 00 00 00 00 
  0030: 00 00 00 00 00 00 00 00 00 00 00 00 


========== PACKET #50 ==========
Direction: REMOTE LOCAL
Type: 0x09 (BEACON_REQ), Nonce: 0x5636
Length: 60 bytes

  0000: 00 12 5a 33 fa 31 00 00 31 23 45 67 88 6f 58 42 
  0010: 4f 58 01 01 03 09 56 36 fe 24 00 00 00 00 00 00 
  0020: 00 00 00 00 00 00 00 00 00 00 00 00 00 00 00 00 
  0030: 00 00 00 00 00 00 00 00 00 00 00 00 


========== PACKET #51 ==========
Direction: REMOTE LOCAL
Type: 0x0a (BEACON_RESP), Nonce: 0x5636
Length: 60 bytes

  0000: 00 00 31 23 45 67 00 12 5a 33 fa 31 88 6f 58 42 
  0010: 4f 58 01 01 04 0a 56 36 8d a3 03 80 6c 00 00 00 
  0020: 00 00 00 00 00 00 00 00 00 00 00 00 00 00 00 00 
  0030: 00 00 00 00 00 00 00 00 00 00 00 00 


========== PACKET #52 ==========
Direction: REMOTE LOCAL
Type: 0x09 (BEACON_REQ), Nonce: 0x5637
Length: 60 bytes

  0000: 00 12 5a 33 fa 31 00 00 31 23 45 67 88 6f 58 42 
  0010: 4f 58 01 01 03 09 56 37 fe 23 00 00 00 00 00 00 
  0020: 00 00 00 00 00 00 00 00 00 00 00 00 00 00 00 00 
  0030: 00 00 00 00 00 00 00 00 00 00 00 00 


========== PACKET #53 ==========
Direction: REMOTE LOCAL
Type: 0x0a (BEACON_RESP), Nonce: 0x5637
Length: 60 bytes

  0000: 00 00 31 23 45 67 00 12 5a 33 fa 31 88 6f 58 42 
  0010: 4f 58 01 01 04 0a 56 37 8d a2 03 80 6c 00 00 00 
  0020: 00 00 00 00 00 00 00 00 00 00 00 00 00 00 00 00 
  0030: 00 00 00 00 00 00 00 00 00 00 00 00 


========== PACKET #54 ==========
Direction: REMOTE LOCAL
Type: 0x09 (BEACON_REQ), Nonce: 0x5638
Length: 60 bytes

  0000: 00 12 5a 33 fa 31 00 00 31 23 45 67 88 6f 58 42 
  0010: 4f 58 01 01 03 09 56 38 fe 22 00 00 00 00 00 00 
  0020: 00 00 00 00 00 00 00 00 00 00 00 00 00 00 00 00 
  0030: 00 00 00 00 00 00 00 00 00 00 00 00 


========== PACKET #55 ==========
Direction: REMOTE LOCAL
Type: 0x0a (BEACON_RESP), Nonce: 0x5638
Length: 60 bytes

  0000: 00 00 31 23 45 67 00 12 5a 33 fa 31 88 6f 58 42 
  0010: 4f 58 01 01 04 0a 56 38 8d a1 03 80 6c 00 00 00 
  0020: 00 00 00 00 00 00 00 00 00 00 00 00 00 00 00 00 
  0030: 00 00 00 00 00 00 00 00 00 00 00 00 


========== PACKET #56 ==========
Direction: REMOTE LOCAL
Type: 0x09 (BEACON_REQ), Nonce: 0x5639
Length: 60 bytes

  0000: 00 12 5a 33 fa 31 00 00 31 23 45 67 88 6f 58 42 
  0010: 4f 58 01 01 03 09 56 39 fe 21 00 00 00 00 00 00 
  0020: 00 00 00 00 00 00 00 00 00 00 00 00 00 00 00 00 
  0030: 00 00 00 00 00 00 00 00 00 00 00 00 


========== PACKET #57 ==========
Direction: REMOTE LOCAL
Type: 0x0a (BEACON_RESP), Nonce: 0x5639
Length: 60 bytes

  0000: 00 00 31 23 45 67 00 12 5a 33 fa 31 88 6f 58 42 
  0010: 4f 58 01 01 04 0a 56 39 90 3d 00 e3 6c 00 00 00 
  0020: 00 00 00 00 00 00 00 00 00 00 00 00 00 00 00 00 
  0030: 00 00 00 00 00 00 00 00 00 00 00 00 


========== PACKET #58 ==========
Direction: REMOTE LOCAL
Type: 0x09 (BEACON_REQ), Nonce: 0x563a
Length: 60 bytes

  0000: 00 12 5a 33 fa 31 00 00 31 23 45 67 88 6f 58 42 
  0010: 4f 58 01 01 03 09 56 3a fe 20 00 00 00 00 00 00 
  0020: 00 00 00 00 00 00 00 00 00 00 00 00 00 00 00 00 
  0030: 00 00 00 00 00 00 00 00 00 00 00 00 


========== PACKET #59 ==========
Direction: REMOTE LOCAL
Type: 0x0a (BEACON_RESP), Nonce: 0x563a
Length: 60 bytes

  0000: 00 00 31 23 45 67 00 12 5a 33 fa 31 88 6f 58 42 
  0010: 4f 58 01 01 04 0a 56 3a 8d 9f 03 80 6c 00 00 00 
  0020: 00 00 00 00 00 00 00 00 00 00 00 00 00 00 00 00 
  0030: 00 00 00 00 00 00 00 00 00 00 00 00 


========== PACKET #60 ==========
Direction: REMOTE LOCAL
Type: 0x09 (BEACON_REQ), Nonce: 0x563b
Length: 60 bytes

  0000: 00 12 5a 33 fa 31 00 00 31 23 45 67 88 6f 58 42 
  0010: 4f 58 01 01 03 09 56 3b fe 1f 00 00 00 00 00 00 
  0020: 00 00 00 00 00 00 00 00 00 00 00 00 00 00 00 00 
  0030: 00 00 00 00 00 00 00 00 00 00 00 00 


========== PACKET #61 ==========
Direction: REMOTE LOCAL
Type: 0x0a (BEACON_RESP), Nonce: 0x563b
Length: 60 bytes

  0000: 00 00 31 23 45 67 00 12 5a 33 fa 31 88 6f 58 42 
  0010: 4f 58 01 01 04 0a 56 3b 8d 9e 03 80 6c 00 00 00 
  0020: 00 00 00 00 00 00 00 00 00 00 00 00 00 00 00 00 
  0030: 00 00 00 00 00 00 00 00 00 00 00 00 


========== PACKET #62 ==========
Direction: REMOTE LOCAL
Type: 0x09 (BEACON_REQ), Nonce: 0x563c
Length: 60 bytes

  0000: 00 12 5a 33 fa 31 00 00 31 23 45 67 88 6f 58 42 
  0010: 4f 58 01 01 03 09 56 3c fe 1e 00 00 00 00 00 00 
  0020: 00 00 00 00 00 00 00 00 00 00 00 00 00 00 00 00 
  0030: 00 00 00 00 00 00 00 00 00 00 00 00 


========== PACKET #63 ==========
Direction: REMOTE LOCAL
Type: 0x0a (BEACON_RESP), Nonce: 0x563c
Length: 60 bytes

  0000: 00 00 31 23 45 67 00 12 5a 33 fa 31 88 6f 58 42 
  0010: 4f 58 01 01 04 0a 56 3c 8d 9d 03 80 6c 00 00 00 
  0020: 00 00 00 00 00 00 00 00 00 00 00 00 00 00 00 00 
  0030: 00 00 00 00 00 00 00 00 00 00 00 00 


========== PACKET #64 ==========
Direction: REMOTE LOCAL
Type: 0x09 (BEACON_REQ), Nonce: 0x563d
Length: 60 bytes

  0000: 00 12 5a 33 fa 31 00 00 31 23 45 67 88 6f 58 42 
  0010: 4f 58 01 01 03 09 56 3d fe 1d 00 00 00 00 00 00 
  0020: 00 00 00 00 00 00 00 00 00 00 00 00 00 00 00 00 
  0030: 00 00 00 00 00 00 00 00 00 00 00 00 


========== PACKET #65 ==========
Direction: REMOTE LOCAL
Type: 0x0a (BEACON_RESP), Nonce: 0x563d
Length: 60 bytes

  0000: 00 00 31 23 45 67 00 12 5a 33 fa 31 88 6f 58 42 
  0010: 4f 58 01 01 04 0a 56 3d 8d 9c 03 80 6c 00 00 00 
  0020: 00 00 00 00 00 00 00 00 00 00 00 00 00 00 00 00 
  0030: 00 00 00 00 00 00 00 00 00 00 00 00 


========== PACKET #66 ==========
Direction: REMOTE LOCAL
Type: 0x09 (BEACON_REQ), Nonce: 0x563e
Length: 60 bytes

  0000: 00 12 5a 33 fa 31 00 00 31 23 45 67 88 6f 58 42 
  0010: 4f 58 01 01 03 09 56 3e fe 1c 00 00 00 00 00 00 
  0020: 00 00 00 00 00 00 00 00 00 00 00 00 00 00 00 00 
  0030: 00 00 00 00 00 00 00 00 00 00 00 00 


========== PACKET #67 ==========
Direction: REMOTE LOCAL
Type: 0x0a (BEACON_RESP), Nonce: 0x563e
Length: 60 bytes

  0000: 00 00 31 23 45 67 00 12 5a 33 fa 31 88 6f 58 42 
  0010: 4f 58 01 01 04 0a 56 3e 8d 9b 03 80 6c 00 00 00 
  0020: 00 00 00 00 00 00 00 00 00 00 00 00 00 00 00 00 
  0030: 00 00 00 00 00 00 00 00 00 00 00 00 


========== PACKET #68 ==========
Direction: REMOTE LOCAL
Type: 0x09 (BEACON_REQ), Nonce: 0x563f
Length: 60 bytes

  0000: 00 12 5a 33 fa 31 00 00 31 23 45 67 88 6f 58 42 
  0010: 4f 58 01 01 03 09 56 3f fe 1b 00 00 00 00 00 00 
  0020: 00 00 00 00 00 00 00 00 00 00 00 00 00 00 00 00 
  0030: 00 00 00 00 00 00 00 00 00 00 00 00 


========== PACKET #69 ==========
Direction: REMOTE LOCAL
Type: 0x0a (BEACON_RESP), Nonce: 0x563f
Length: 60 bytes

  0000: 00 00 31 23 45 67 00 12 5a 33 fa 31 88 6f 58 42 
  0010: 4f 58 01 01 04 0a 56 3f 8d 9a 03 80 6c 00 00 00 
  0020: 00 00 00 00 00 00 00 00 00 00 00 00 00 00 00 00 
  0030: 00 00 00 00 00 00 00 00 00 00 00 00 


========== PACKET #70 ==========
Direction: REMOTE LOCAL
Type: 0x09 (BEACON_REQ), Nonce: 0x5640
Length: 60 bytes

  0000: 00 12 5a 33 fa 31 00 00 31 23 45 67 88 6f 58 42 
  0010: 4f 58 01 01 03 09 56 40 fe 1a 00 00 00 00 00 00 
  0020: 00 00 00 00 00 00 00 00 00 00 00 00 00 00 00 00 
  0030: 00 00 00 00 00 00 00 00 00 00 00 00 


========== PACKET #71 ==========
Direction: REMOTE LOCAL
Type: 0x0a (BEACON_RESP), Nonce: 0x5640
Length: 60 bytes

  0000: 00 00 31 23 45 67 00 12 5a 33 fa 31 88 6f 58 42 
  0010: 4f 58 01 01 04 0a 56 40 8d 99 03 80 6c 00 00 00 
  0020: 00 00 00 00 00 00 00 00 00 00 00 00 00 00 00 00 
  0030: 00 00 00 00 00 00 00 00 00 00 00 00 


========== PACKET #72 ==========
Direction: REMOTE LOCAL
Type: 0x09 (BEACON_REQ), Nonce: 0x5641
Length: 60 bytes

  0000: 00 12 5a 33 fa 31 00 00 31 23 45 67 88 6f 58 42 
  0010: 4f 58 01 01 03 09 56 41 fe 19 00 00 00 00 00 00 
  0020: 00 00 00 00 00 00 00 00 00 00 00 00 00 00 00 00 
  0030: 00 00 00 00 00 00 00 00 00 00 00 00 


========== PACKET #73 ==========
Direction: REMOTE LOCAL
Type: 0x0a (BEACON_RESP), Nonce: 0x5641
Length: 60 bytes

  0000: 00 00 31 23 45 67 00 12 5a 33 fa 31 88 6f 58 42 
  0010: 4f 58 01 01 04 0a 56 41 8d 98 03 80 6c 00 00 00 
  0020: 00 00 00 00 00 00 00 00 00 00 00 00 00 00 00 00 
  0030: 00 00 00 00 00 00 00 00 00 00 00 00 


========== PACKET #74 ==========
Direction: REMOTE LOCAL
Type: 0x09 (BEACON_REQ), Nonce: 0x5642
Length: 60 bytes

  0000: 00 12 5a 33 fa 31 00 00 31 23 45 67 88 6f 58 42 
  0010: 4f 58 01 01 03 09 56 42 fe 18 00 00 00 00 00 00 
  0020: 00 00 00 00 00 00 00 00 00 00 00 00 00 00 00 00 
  0030: 00 00 00 00 00 00 00 00 00 00 00 00 


========== PACKET #75 ==========
Direction: REMOTE LOCAL
Type: 0x0a (BEACON_RESP), Nonce: 0x5642
Length: 60 bytes

  0000: 00 00 31 23 45 67 00 12 5a 33 fa 31 88 6f 58 42 
  0010: 4f 58 01 01 04 0a 56 42 8d 97 03 80 6c 00 00 00 
  0020: 00 00 00 00 00 00 00 00 00 00 00 00 00 00 00 00 
  0030: 00 00 00 00 00 00 00 00 00 00 00 00 


========== PACKET #76 ==========
Direction: REMOTE LOCAL
Type: 0x09 (BEACON_REQ), Nonce: 0x5643
Length: 60 bytes

  0000: 00 12 5a 33 fa 31 00 00 31 23 45 67 88 6f 58 42 
  0010: 4f 58 01 01 03 09 56 43 fe 17 00 00 00 00 00 00 
  0020: 00 00 00 00 00 00 00 00 00 00 00 00 00 00 00 00 
  0030: 00 00 00 00 00 00 00 00 00 00 00 00 


========== PACKET #77 ==========
Direction: REMOTE LOCAL
Type: 0x0a (BEACON_RESP), Nonce: 0x5643
Length: 60 bytes

  0000: 00 00 31 23 45 67 00 12 5a 33 fa 31 88 6f 58 42 
  0010: 4f 58 01 01 04 0a 56 43 8d 96 03 80 6c 00 00 00 
  0020: 00 00 00 00 00 00 00 00 00 00 00 00 00 00 00 00 
  0030: 00 00 00 00 00 00 00 00 00 00 00 00 


========== PACKET #78 ==========
Direction: REMOTE LOCAL
Type: 0x09 (BEACON_REQ), Nonce: 0x5644
Length: 60 bytes

  0000: 00 12 5a 33 fa 31 00 00 31 23 45 67 88 6f 58 42 
  0010: 4f 58 01 01 03 09 56 44 fe 16 00 00 00 00 00 00 
  0020: 00 00 00 00 00 00 00 00 00 00 00 00 00 00 00 00 
  0030: 00 00 00 00 00 00 00 00 00 00 00 00 


========== PACKET #79 ==========
Direction: REMOTE LOCAL
Type: 0x0a (BEACON_RESP), Nonce: 0x5644
Length: 60 bytes

  0000: 00 00 31 23 45 67 00 12 5a 33 fa 31 88 6f 58 42 
  0010: 4f 58 01 01 04 0a 56 44 8d 95 03 80 6c 00 00 00 
  0020: 00 00 00 00 00 00 00 00 00 00 00 00 00 00 00 00 
  0030: 00 00 00 00 00 00 00 00 00 00 00 00 


========== PACKET #80 ==========
Direction: REMOTE LOCAL
Type: 0x09 (BEACON_REQ), Nonce: 0x5645
Length: 60 bytes

  0000: 00 12 5a 33 fa 31 00 00 31 23 45 67 88 6f 58 42 
  0010: 4f 58 01 01 03 09 56 45 fe 15 00 00 00 00 00 00 
  0020: 00 00 00 00 00 00 00 00 00 00 00 00 00 00 00 00 
  0030: 00 00 00 00 00 00 00 00 00 00 00 00 


========== PACKET #81 ==========
Direction: REMOTE LOCAL
Type: 0x0a (BEACON_RESP), Nonce: 0x5645
Length: 60 bytes

  0000: 00 00 31 23 45 67 00 12 5a 33 fa 31 88 6f 58 42 
  0010: 4f 58 01 01 04 0a 56 45 8d 94 03 80 6c 00 00 00 
  0020: 00 00 00 00 00 00 00 00 00 00 00 00 00 00 00 00 
  0030: 00 00 00 00 00 00 00 00 00 00 00 00 


========== PACKET #82 ==========
Direction: REMOTE LOCAL
Type: 0x09 (BEACON_REQ), Nonce: 0x5646
Length: 60 bytes

  0000: 00 12 5a 33 fa 31 00 00 31 23 45 67 88 6f 58 42 
  0010: 4f 58 01 01 03 09 56 46 fe 14 00 00 00 00 00 00 
  0020: 00 00 00 00 00 00 00 00 00 00 00 00 00 00 00 00 
  0030: 00 00 00 00 00 00 00 00 00 00 00 00 


========== PACKET #83 ==========
Direction: REMOTE LOCAL
Type: 0x0a (BEACON_RESP), Nonce: 0x5646
Length: 60 bytes

  0000: 00 00 31 23 45 67 00 12 5a 33 fa 31 88 6f 58 42 
  0010: 4f 58 01 01 04 0a 56 46 90 36 00 dd 6c 00 00 00 
  0020: 00 00 00 00 00 00 00 00 00 00 00 00 00 00 00 00 
  0030: 00 00 00 00 00 00 00 00 00 00 00 00 


========== PACKET #84 ==========
Direction: REMOTE LOCAL
Type: 0x09 (BEACON_REQ), Nonce: 0x5647
Length: 60 bytes

  0000: 00 12 5a 33 fa 31 00 00 31 23 45 67 88 6f 58 42 
  0010: 4f 58 01 01 03 09 56 47 fe 13 00 00 00 00 00 00 
  0020: 00 00 00 00 00 00 00 00 00 00 00 00 00 00 00 00 
  0030: 00 00 00 00 00 00 00 00 00 00 00 00 


========== PACKET #85 ==========
Direction: REMOTE LOCAL
Type: 0x09 (BEACON_REQ), Nonce: 0x5648
Length: 60 bytes

  0000: 00 12 5a 33 fa 31 00 00 31 23 45 67 88 6f 58 42 
  0010: 4f 58 01 01 03 09 56 48 fe 12 00 00 00 00 00 00 
  0020: 00 00 00 00 00 00 00 00 00 00 00 00 00 00 00 00 
  0030: 00 00 00 00 00 00 00 00 00 00 00 00 


========== PACKET #86 ==========
Direction: REMOTE LOCAL
Type: 0x0a (BEACON_RESP), Nonce: 0x5647
Length: 60 bytes

  0000: 00 00 31 23 45 67 00 12 5a 33 fa 31 88 6f 58 42 
  0010: 4f 58 01 01 04 0a 56 47 8d 92 03 80 6c 00 00 00 
  0020: 00 00 00 00 00 00 00 00 00 00 00 00 00 00 00 00 
  0030: 00 00 00 00 00 00 00 00 00 00 00 00 


========== PACKET #87 ==========
Direction: REMOTE LOCAL
Type: 0x0a (BEACON_RESP), Nonce: 0x5648
Length: 60 bytes

  0000: 00 00 31 23 45 67 00 12 5a 33 fa 31 88 6f 58 42 
  0010: 4f 58 01 01 04 0a 56 48 8d 91 03 80 6c 00 00 00 
  0020: 00 00 00 00 00 00 00 00 00 00 00 00 00 00 00 00 
  0030: 00 00 00 00 00 00 00 00 00 00 00 00 


========== PACKET #88 ==========
Direction: REMOTE LOCAL
Type: 0x09 (BEACON_REQ), Nonce: 0x5649
Length: 60 bytes

  0000: 00 12 5a 33 fa 31 00 00 31 23 45 67 88 6f 58 42 
  0010: 4f 58 01 01 03 09 56 49 fe 11 00 00 00 00 00 00 
  0020: 00 00 00 00 00 00 00 00 00 00 00 00 00 00 00 00 
  0030: 00 00 00 00 00 00 00 00 00 00 00 00 


========== PACKET #89 ==========
Direction: REMOTE LOCAL
Type: 0x0a (BEACON_RESP), Nonce: 0x5649
Length: 60 bytes

  0000: 00 00 31 23 45 67 00 12 5a 33 fa 31 88 6f 58 42 
  0010: 4f 58 01 01 04 0a 56 49 8d 90 03 80 6c 00 00 00 
  0020: 00 00 00 00 00 00 00 00 00 00 00 00 00 00 00 00 
  0030: 00 00 00 00 00 00 00 00 00 00 00 00 


========== PACKET #90 ==========
Direction: REMOTE LOCAL
Type: 0x09 (BEACON_REQ), Nonce: 0x564a
Length: 60 bytes

  0000: 00 12 5a 33 fa 31 00 00 31 23 45 67 88 6f 58 42 
  0010: 4f 58 01 01 03 09 56 4a fe 10 00 00 00 00 00 00 
  0020: 00 00 00 00 00 00 00 00 00 00 00 00 00 00 00 00 
  0030: 00 00 00 00 00 00 00 00 00 00 00 00 


========== PACKET #91 ==========
Direction: REMOTE LOCAL
Type: 0x0a (BEACON_RESP), Nonce: 0x564a
Length: 60 bytes

  0000: 00 00 31 23 45 67 00 12 5a 33 fa 31 88 6f 58 42 
  0010: 4f 58 01 01 04 0a 56 4a 8d 8f 03 80 6c 00 00 00 
  0020: 00 00 00 00 00 00 00 00 00 00 00 00 00 00 00 00 
  0030: 00 00 00 00 00 00 00 00 00 00 00 00 


========== PACKET #92 ==========
Direction: REMOTE LOCAL
Type: 0x09 (BEACON_REQ), Nonce: 0x564b
Length: 60 bytes

  0000: 00 12 5a 33 fa 31 00 00 31 23 45 67 88 6f 58 42 
  0010: 4f 58 01 01 03 09 56 4b fe 0f 00 00 00 00 00 00 
  0020: 00 00 00 00 00 00 00 00 00 00 00 00 00 00 00 00 
  0030: 00 00 00 00 00 00 00 00 00 00 00 00 


========== PACKET #93 ==========
Direction: REMOTE LOCAL
Type: 0x0a (BEACON_RESP), Nonce: 0x564b
Length: 60 bytes

  0000: 00 00 31 23 45 67 00 12 5a 33 fa 31 88 6f 58 42 
  0010: 4f 58 01 01 04 0a 56 4b 8d 8e 03 80 6c 00 00 00 
  0020: 00 00 00 00 00 00 00 00 00 00 00 00 00 00 00 00 
  0030: 00 00 00 00 00 00 00 00 00 00 00 00 


========== PACKET #94 ==========
Direction: REMOTE LOCAL
Type: 0x09 (BEACON_REQ), Nonce: 0x564c
Length: 60 bytes

  0000: 00 12 5a 33 fa 31 00 00 31 23 45 67 88 6f 58 42 
  0010: 4f 58 01 01 03 09 56 4c fe 0e 00 00 00 00 00 00 
  0020: 00 00 00 00 00 00 00 00 00 00 00 00 00 00 00 00 
  0030: 00 00 00 00 00 00 00 00 00 00 00 00 


========== PACKET #95 ==========
Direction: REMOTE LOCAL
Type: 0x0a (BEACON_RESP), Nonce: 0x564c
Length: 60 bytes

  0000: 00 00 31 23 45 67 00 12 5a 33 fa 31 88 6f 58 42 
  0010: 4f 58 01 01 04 0a 56 4c 8d 8d 03 80 6c 00 00 00 
  0020: 00 00 00 00 00 00 00 00 00 00 00 00 00 00 00 00 
  0030: 00 00 00 00 00 00 00 00 00 00 00 00 


========== PACKET #96 ==========
Direction: REMOTE LOCAL
Type: 0x09 (BEACON_REQ), Nonce: 0x564d
Length: 60 bytes

  0000: 00 12 5a 33 fa 31 00 00 31 23 45 67 88 6f 58 42 
  0010: 4f 58 01 01 03 09 56 4d fe 0d 00 00 00 00 00 00 
  0020: 00 00 00 00 00 00 00 00 00 00 00 00 00 00 00 00 
  0030: 00 00 00 00 00 00 00 00 00 00 00 00 


========== PACKET #97 ==========
Direction: REMOTE LOCAL
Type: 0x0a (BEACON_RESP), Nonce: 0x564d
Length: 60 bytes

  0000: 00 00 31 23 45 67 00 12 5a 33 fa 31 88 6f 58 42 
  0010: 4f 58 01 01 04 0a 56 4d 8e 8c 02 80 6c 00 00 00 
  0020: 00 00 00 00 00 00 00 00 00 00 00 00 00 00 00 00 
  0030: 00 00 00 00 00 00 00 00 00 00 00 00 


========== PACKET #98 ==========
Direction: REMOTE LOCAL
Type: 0x09 (BEACON_REQ), Nonce: 0x564e
Length: 60 bytes

  0000: 00 12 5a 33 fa 31 00 00 31 23 45 67 88 6f 58 42 
  0010: 4f 58 01 01 03 09 56 4e fe 0c 00 00 00 00 00 00 
  0020: 00 00 00 00 00 00 00 00 00 00 00 00 00 00 00 00 
  0030: 00 00 00 00 00 00 00 00 00 00 00 00 


========== PACKET #99 ==========
Direction: REMOTE LOCAL
Type: 0x0a (BEACON_RESP), Nonce: 0x564e
Length: 60 bytes

  0000: 00 00 31 23 45 67 00 12 5a 33 fa 31 88 6f 58 42 
  0010: 4f 58 01 01 04 0a 56 4e 8e 8b 02 80 6c 00 00 00 
  0020: 00 00 00 00 00 00 00 00 00 00 00 00 00 00 00 00 
  0030: 00 00 00 00 00 00 00 00 00 00 00 00 


========== PACKET #100 ==========
Direction: REMOTE LOCAL
Type: 0x09 (BEACON_REQ), Nonce: 0x564f
Length: 60 bytes

  0000: 00 12 5a 33 fa 31 00 00 31 23 45 67 88 6f 58 42 
  0010: 4f 58 01 01 03 09 56 4f fe 0b 00 00 00 00 00 00 
  0020: 00 00 00 00 00 00 00 00 00 00 00 00 00 00 00 00 
  0030: 00 00 00 00 00 00 00 00 00 00 00 00 


========== PACKET #101 ==========
Direction: REMOTE LOCAL
Type: 0x0a (BEACON_RESP), Nonce: 0x564f
Length: 60 bytes

  0000: 00 00 31 23 45 67 00 12 5a 33 fa 31 88 6f 58 42 
  0010: 4f 58 01 01 04 0a 56 4f 8e 8a 02 80 6c 00 00 00 
  0020: 00 00 00 00 00 00 00 00 00 00 00 00 00 00 00 00 
  0030: 00 00 00 00 00 00 00 00 00 00 00 00 


========== PACKET #102 ==========
Direction: REMOTE LOCAL
Type: 0x09 (BEACON_REQ), Nonce: 0x5650
Length: 60 bytes

  0000: 00 12 5a 33 fa 31 00 00 31 23 45 67 88 6f 58 42 
  0010: 4f 58 01 01 03 09 56 50 fe 0a 00 00 00 00 00 00 
  0020: 00 00 00 00 00 00 00 00 00 00 00 00 00 00 00 00 
  0030: 00 00 00 00 00 00 00 00 00 00 00 00 


========== PACKET #103 ==========
Direction: REMOTE LOCAL
Type: 0x0a (BEACON_RESP), Nonce: 0x5650
Length: 60 bytes

  0000: 00 00 31 23 45 67 00 12 5a 33 fa 31 88 6f 58 42 
  0010: 4f 58 01 01 04 0a 56 50 8e 89 02 80 6c 00 00 00 
  0020: 00 00 00 00 00 00 00 00 00 00 00 00 00 00 00 00 
  0030: 00 00 00 00 00 00 00 00 00 00 00 00 


========== PACKET #104 ==========
Direction: REMOTE LOCAL
Type: 0x09 (BEACON_REQ), Nonce: 0x5651
Length: 60 bytes

  0000: 00 12 5a 33 fa 31 00 00 31 23 45 67 88 6f 58 42 
  0010: 4f 58 01 01 03 09 56 51 fe 09 00 00 00 00 00 00 
  0020: 00 00 00 00 00 00 00 00 00 00 00 00 00 00 00 00 
  0030: 00 00 00 00 00 00 00 00 00 00 00 00 


========== PACKET #105 ==========
Direction: REMOTE LOCAL
Type: 0x0a (BEACON_RESP), Nonce: 0x5651
Length: 60 bytes

  0000: 00 00 31 23 45 67 00 12 5a 33 fa 31 88 6f 58 42 
  0010: 4f 58 01 01 04 0a 56 51 8e 88 02 80 6c 00 00 00 
  0020: 00 00 00 00 00 00 00 00 00 00 00 00 00 00 00 00 
  0030: 00 00 00 00 00 00 00 00 00 00 00 00 


========== PACKET #106 ==========
Direction: REMOTE LOCAL
Type: 0x09 (BEACON_REQ), Nonce: 0x5652
Length: 60 bytes

  0000: 00 12 5a 33 fa 31 00 00 31 23 45 67 88 6f 58 42 
  0010: 4f 58 01 01 03 09 56 52 fe 08 00 00 00 00 00 00 
  0020: 00 00 00 00 00 00 00 00 00 00 00 00 00 00 00 00 
  0030: 00 00 00 00 00 00 00 00 00 00 00 00 


========== PACKET #107 ==========
Direction: REMOTE LOCAL
Type: 0x0a (BEACON_RESP), Nonce: 0x5652
Length: 60 bytes

  0000: 00 00 31 23 45 67 00 12 5a 33 fa 31 88 6f 58 42 
  0010: 4f 58 01 01 04 0a 56 52 8e 87 02 80 6c 00 00 00 
  0020: 00 00 00 00 00 00 00 00 00 00 00 00 00 00 00 00 
  0030: 00 00 00 00 00 00 00 00 00 00 00 00 


========== PACKET #108 ==========
Direction: REMOTE LOCAL
Type: 0x09 (BEACON_REQ), Nonce: 0x5653
Length: 60 bytes

  0000: 00 12 5a 33 fa 31 00 00 31 23 45 67 88 6f 58 42 
  0010: 4f 58 01 01 03 09 56 53 fe 07 00 00 00 00 00 00 
  0020: 00 00 00 00 00 00 00 00 00 00 00 00 00 00 00 00 
  0030: 00 00 00 00 00 00 00 00 00 00 00 00 


========== PACKET #109 ==========
Direction: REMOTE LOCAL
Type: 0x0a (BEACON_RESP), Nonce: 0x5653
Length: 60 bytes

  0000: 00 00 31 23 45 67 00 12 5a 33 fa 31 88 6f 58 42 
  0010: 4f 58 01 01 04 0a 56 53 90 2a 00 dc 6c 00 00 00 
  0020: 00 00 00 00 00 00 00 00 00 00 00 00 00 00 00 00 
  0030: 00 00 00 00 00 00 00 00 00 00 00 00 


========== PACKET #110 ==========
Direction: REMOTE LOCAL
Type: 0x09 (BEACON_REQ), Nonce: 0x5654
Length: 60 bytes

  0000: 00 12 5a 33 fa 31 00 00 31 23 45 67 88 6f 58 42 
  0010: 4f 58 01 01 03 09 56 54 fe 06 00 00 00 00 00 00 
  0020: 00 00 00 00 00 00 00 00 00 00 00 00 00 00 00 00 
  0030: 00 00 00 00 00 00 00 00 00 00 00 00 


========== PACKET #111 ==========
Direction: REMOTE LOCAL
Type: 0x0a (BEACON_RESP), Nonce: 0x5654
Length: 60 bytes

  0000: 00 00 31 23 45 67 00 12 5a 33 fa 31 88 6f 58 42 
  0010: 4f 58 01 01 04 0a 56 54 90 29 00 dc 6c 00 00 00 
  0020: 00 00 00 00 00 00 00 00 00 00 00 00 00 00 00 00 
  0030: 00 00 00 00 00 00 00 00 00 00 00 00 


========== PACKET #112 ==========
Direction: REMOTE LOCAL
Type: 0x05 (ADAPTER_INFO_REQ), Nonce: 0x5655
Length: 60 bytes

  0000: 00 12 5a 33 fa 31 00 00 31 23 45 67 88 6f 58 42 
  0010: 4f 58 01 01 08 05 56 55 bf ce 09 01 04 02 01 04 
  0020: 01 05 01 06 06 07 20 08 01 09 01 11 01 00 00 00 
  0030: 00 00 00 00 00 00 00 00 00 00 00 00 


========== PACKET #113 ==========
Direction: REMOTE LOCAL
Type: 0x06 (ADAPTER_INFO_RESP), Nonce: 0x5655
Length: 66 bytes

  0000: 00 00 31 23 45 67 00 12 5a 33 fa 31 88 6f 58 42 
  0010: 4f 58 01 01 0d 06 56 55 8d d9 00 09 01 04 c0 a8 
  0020: 01 96 02 01 00 04 01 01 05 01 0b 06 06 c4 4b d1 
  0030: 00 47 4e 07 04 6f 70 65 6e 08 01 02 09 01 01 11 
  0040: 01 02 


========== PACKET #114 ==========
Direction: REMOTE LOCAL
Type: 0x09 (BEACON_REQ), Nonce: 0x5656
Length: 60 bytes

  0000: 00 12 5a 33 fa 31 00 00 31 23 45 67 88 6f 58 42 
  0010: 4f 58 01 01 03 09 56 56 fe 04 00 00 00 00 00 00 
  0020: 00 00 00 00 00 00 00 00 00 00 00 00 00 00 00 00 
  0030: 00 00 00 00 00 00 00 00 00 00 00 00 


========== PACKET #115 ==========
Direction: REMOTE LOCAL
Type: 0x0a (BEACON_RESP), Nonce: 0x5656
Length: 60 bytes

  0000: 00 00 31 23 45 67 00 12 5a 33 fa 31 88 6f 58 42 
  0010: 4f 58 01 01 04 0a 56 56 8e 83 02 80 6c 00 00 00 
  0020: 00 00 00 00 00 00 00 00 00 00 00 00 00 00 00 00 
  0030: 00 00 00 00 00 00 00 00 00 00 00 00 


========== PACKET #116 ==========
Direction: REMOTE LOCAL
Type: 0x09 (BEACON_REQ), Nonce: 0x5657
Length: 60 bytes

  0000: 00 12 5a 33 fa 31 00 00 31 23 45 67 88 6f 58 42 
  0010: 4f 58 01 01 03 09 56 57 fe 03 00 00 00 00 00 00 
  0020: 00 00 00 00 00 00 00 00 00 00 00 00 00 00 00 00 
  0030: 00 00 00 00 00 00 00 00 00 00 00 00 


========== PACKET #117 ==========
Direction: REMOTE LOCAL
Type: 0x0a (BEACON_RESP), Nonce: 0x5657
Length: 60 bytes

  0000: 00 00 31 23 45 67 00 12 5a 33 fa 31 88 6f 58 42 
  0010: 4f 58 01 01 04 0a 56 57 8e 82 02 80 6c 00 00 00 
  0020: 00 00 00 00 00 00 00 00 00 00 00 00 00 00 00 00 
  0030: 00 00 00 00 00 00 00 00 00 00 00 00 


========== PACKET #118 ==========
Direction: REMOTE LOCAL
Type: 0x09 (BEACON_REQ), Nonce: 0x5658
Length: 60 bytes

  0000: 00 12 5a 33 fa 31 00 00 31 23 45 67 88 6f 58 42 
  0010: 4f 58 01 01 03 09 56 58 fe 02 00 00 00 00 00 00 
  0020: 00 00 00 00 00 00 00 00 00 00 00 00 00 00 00 00 
  0030: 00 00 00 00 00 00 00 00 00 00 00 00 


========== PACKET #119 ==========
Direction: REMOTE LOCAL
Type: 0x0a (BEACON_RESP), Nonce: 0x5658
Length: 60 bytes

  0000: 00 00 31 23 45 67 00 12 5a 33 fa 31 88 6f 58 42 
  0010: 4f 58 01 01 04 0a 56 58 8e 81 02 80 6c 00 00 00 
  0020: 00 00 00 00 00 00 00 00 00 00 00 00 00 00 00 00 
  0030: 00 00 00 00 00 00 00 00 00 00 00 00 


========== PACKET #120 ==========
Direction: REMOTE LOCAL
Type: 0x03 (NETWORKS_LIST_REQ), Nonce: 0x5659
Length: 60 bytes

  0000: 00 12 5a 33 fa 31 00 00 31 23 45 67 88 6f 58 42 
  0010: 4f 58 01 01 03 03 56 59 fe 07 00 00 00 00 00 00 
  0020: 00 00 00 00 00 00 00 00 00 00 00 00 00 00 00 00 
  0030: 00 00 00 00 00 00 00 00 00 00 00 00 


========== PACKET #121 ==========
Direction: REMOTE LOCAL
Type: 0x04 (NETWORKS_LIST_RESP), Nonce: 0x5659
Length: 334 bytes

  0000: 00 00 31 23 45 67 00 12 5a 33 fa 31 88 6f 58 42 
  0010: 4f 58 01 01 50 04 56 59 a7 92 05 b4 b0 24 59 b8 
  0020: 0a 01 0a 41 64 75 6c 74 73 32 2e 34 47 00 00 00 
  0030: 00 00 00 00 00 00 00 00 00 00 00 00 00 00 00 00 
  0040: 00 00 00 02 01 04 06 dc 0c 12 18 24 30 48 60 6c 
  0050: 00 00 00 00 00 00 00 00 b6 b0 24 59 b8 0a 01 08 
  0060: 4b 69 64 73 32 2e 34 67 00 00 00 00 00 00 00 00 
  0070: 00 00 00 00 00 00 00 00 00 00 00 00 00 00 00 00 
  0080: 02 01 02 01 db 0c 12 18 24 30 48 60 6c 00 00 00 
  0090: 00 00 00 00 00 c4 4b d1 00 47 4e 01 04 6f 70 65 
  00a0: 6e 00 00 00 00 00 00 00 00 00 00 00 00 00 00 00 
  00b0: 00 00 00 00 00 00 00 00 00 00 00 00 00 02 03 02 
  00c0: 01 e3 0c 12 18 24 30 48 60 6c 00 00 00 00 00 00 
  00d0: 00 00 c6 4b d1 00 47 4e 01 0a 77 65 70 6f 70 65 
  00e0: 6e 6b 65 79 00 00 00 00 00 00 00 00 00 00 00 00 
  00f0: 00 00 00 00 00 00 00 00 00 00 02 03 02 01 e4 0c 
  0100: 12 18 24 30 48 60 6c 00 00 00 00 00 00 00 00 c2 
  0110: 4b d1 00 47 4e 01 0c 77 65 70 73 68 61 72 65 64 
  0120: 6b 65 79 00 00 00 00 00 00 00 00 00 00 00 00 00 
  0130: 00 00 00 00 00 00 00 02 03 02 01 e4 0c 12 18 24 
  0140: 30 48 60 6c 00 00 00 00 00 00 00 00 00 00 


========== PACKET #122 ==========
Direction: REMOTE LOCAL
Type: 0x09 (BEACON_REQ), Nonce: 0x565a
Length: 60 bytes

  0000: 00 12 5a 33 fa 31 00 00 31 23 45 67 88 6f 58 42 
  0010: 4f 58 01 01 03 09 56 5a fe 00 00 00 00 00 00 00 
  0020: 00 00 00 00 00 00 00 00 00 00 00 00 00 00 00 00 
  0030: 00 00 00 00 00 00 00 00 00 00 00 00 

