Xbox Wireless Protocol Capture
Started: Wed Mar  4 10:12:36 2026
========================================


========== PACKET #1 ==========
Direction: REMOTE LOCAL
Type: 0x01 (HANDSHAKE_REQ), Nonce: 0x0f51
Length: 60 bytes

  0000: ff ff ff ff ff ff 00 00 31 23 45 67 88 6f 58 42 
  0010: 4f 58 01 01 07 01 0f 51 7d e7 15 1b 44 74 c3 88 
  0020: 28 26 ea 00 bd 22 54 39 82 8f 00 00 00 00 00 00 
  0030: 00 00 00 00 00 00 00 00 00 00 00 00 


========== PACKET #2 ==========
Direction: REMOTE LOCAL
Type: 0x02 (HANDSHAKE_RESP), Nonce: 0x0f51
Length: 282 bytes

  0000: 00 00 31 23 45 67 00 12 5a 33 fa 31 88 6f 58 42 
  0010: 4f 58 01 01 43 02 0f 51 f6 af dd fd 38 f1 6b f4 
  0020: cd 9c 49 20 d9 78 67 6c 76 04 36 47 b2 83 44 65 
  0030: 76 69 63 65 20 69 73 20 58 62 6f 78 20 43 6f 6d 
  0040: 70 61 74 69 62 6c 65 2e 20 43 6f 70 79 72 69 67 
  0050: 68 74 20 28 63 29 20 4d 69 63 72 6f 73 6f 66 74 
  0060: 20 43 6f 72 70 6f 72 61 74 69 6f 6e 2e 20 41 6c 
  0070: 6c 20 52 69 67 68 74 73 20 52 65 73 65 72 76 65 
  0080: 64 2e 58 62 6f 78 20 57 69 72 65 6c 65 73 73 20 
  0090: 41 64 61 70 74 65 72 20 28 4d 4e 2d 37 34 30 29 
  00a0: 00 00 31 2e 30 2e 32 2e 32 36 20 42 6f 6f 74 3a 
  00b0: 20 31 2e 33 2e 30 2e 30 36 00 00 00 00 00 00 00 
  00c0: 00 00 00 00 00 00 00 00 06 07 00 00 0f fe 00 00 
  00d0: 00 00 00 00 00 00 00 00 00 00 00 00 00 00 00 00 
  00e0: 00 00 00 00 00 00 00 00 00 00 05 00 c0 a8 01 96 
  00f0: 01 03 00 0b 00 06 6d 73 68 6f 6d 65 00 00 00 00 
  0100: 00 00 00 00 00 00 00 00 00 00 00 00 00 00 00 00 
  0110: 00 00 00 00 00 00 02 01 00 00 


========== PACKET #3 ==========
Direction: REMOTE LOCAL
Type: 0x09 (BEACON_REQ), Nonce: 0x0f52
Length: 60 bytes

  0000: 00 12 5a 33 fa 31 00 00 31 23 45 67 88 6f 58 42 
  0010: 4f 58 01 01 03 09 0f 52 45 09 00 00 00 00 00 00 
  0020: 00 00 00 00 00 00 00 00 00 00 00 00 00 00 00 00 
  0030: 00 00 00 00 00 00 00 00 00 00 00 00 


========== PACKET #4 ==========
Direction: REMOTE LOCAL
Type: 0x0a (BEACON_RESP), Nonce: 0x0f52
Length: 60 bytes

  0000: 00 00 31 23 45 67 00 12 5a 33 fa 31 88 6f 58 42 
  0010: 4f 58 01 01 04 0a 0f 52 2a 88 03 80 16 00 00 00 
  0020: 00 00 00 00 00 00 00 00 00 00 00 00 00 00 00 00 
  0030: 00 00 00 00 00 00 00 00 00 00 00 00 


========== PACKET #5 ==========
Direction: REMOTE LOCAL
Type: 0x09 (BEACON_REQ), Nonce: 0x0f53
Length: 60 bytes

  0000: 00 12 5a 33 fa 31 00 00 31 23 45 67 88 6f 58 42 
  0010: 4f 58 01 01 03 09 0f 53 45 08 00 00 00 00 00 00 
  0020: 00 00 00 00 00 00 00 00 00 00 00 00 00 00 00 00 
  0030: 00 00 00 00 00 00 00 00 00 00 00 00 


========== PACKET #6 ==========
Direction: REMOTE LOCAL
Type: 0x0a (BEACON_RESP), Nonce: 0x0f53
Length: 60 bytes

  0000: 00 00 31 23 45 67 00 12 5a 33 fa 31 88 6f 58 42 
  0010: 4f 58 01 01 04 0a 0f 53 2b 87 02 80 16 00 00 00 
  0020: 00 00 00 00 00 00 00 00 00 00 00 00 00 00 00 00 
  0030: 00 00 00 00 00 00 00 00 00 00 00 00 


========== PACKET #7 ==========
Direction: REMOTE LOCAL
Type: 0x09 (BEACON_REQ), Nonce: 0x0f54
Length: 60 bytes

  0000: 00 12 5a 33 fa 31 00 00 31 23 45 67 88 6f 58 42 
  0010: 4f 58 01 01 03 09 0f 54 45 07 00 00 00 00 00 00 
  0020: 00 00 00 00 00 00 00 00 00 00 00 00 00 00 00 00 
  0030: 00 00 00 00 00 00 00 00 00 00 00 00 


========== PACKET #8 ==========
Direction: REMOTE LOCAL
Type: 0x0a (BEACON_RESP), Nonce: 0x0f54
Length: 60 bytes

  0000: 00 00 31 23 45 67 00 12 5a 33 fa 31 88 6f 58 42 
  0010: 4f 58 01 01 04 0a 0f 54 2b 86 02 80 16 00 00 00 
  0020: 00 00 00 00 00 00 00 00 00 00 00 00 00 00 00 00 
  0030: 00 00 00 00 00 00 00 00 00 00 00 00 


========== PACKET #9 ==========
Direction: REMOTE LOCAL
Type: 0x03 (NETWORKS_LIST_REQ), Nonce: 0x0f55
Length: 60 bytes

  0000: 00 12 5a 33 fa 31 00 00 31 23 45 67 88 6f 58 42 
  0010: 4f 58 01 01 03 03 0f 55 45 0c 00 00 00 00 00 00 
  0020: 00 00 00 00 00 00 00 00 00 00 00 00 00 00 00 00 
  0030: 00 00 00 00 00 00 00 00 00 00 00 00 


========== PACKET #10 ==========
Direction: REMOTE LOCAL
Type: 0x04 (NETWORKS_LIST_RESP), Nonce: 0x0f55
Length: 334 bytes

  0000: 00 00 31 23 45 67 00 12 5a 33 fa 31 88 6f 58 42 
  0010: 4f 58 01 01 50 04 0f 55 eb 99 05 b4 b0 24 59 b8 
  0020: 0a 01 0a 41 64 75 6c 74 73 32 2e 34 47 00 00 00 
  0030: 00 00 00 00 00 00 00 00 00 00 00 00 00 00 00 00 
  0040: 00 00 00 02 01 04 06 db 0c 12 18 24 30 48 60 6c 
  0050: 00 00 00 00 00 00 00 00 b6 b0 24 59 b8 0a 01 08 
  0060: 4b 69 64 73 32 2e 34 67 00 00 00 00 00 00 00 00 
  0070: 00 00 00 00 00 00 00 00 00 00 00 00 00 00 00 00 
  0080: 02 01 02 01 dc 0c 12 18 24 30 48 60 6c 00 00 00 
  0090: 00 00 00 00 00 c4 4b d1 00 47 4e 01 04 6f 70 65 
  00a0: 6e 00 00 00 00 00 00 00 00 00 00 00 00 00 00 00 
  00b0: 00 00 00 00 00 00 00 00 00 00 00 00 00 02 06 02 
  00c0: 01 e1 0c 12 18 24 30 48 60 6c 00 00 00 00 00 00 
  00d0: 00 00 c6 4b d1 00 47 4e 01 0a 77 65 70 6f 70 65 
  00e0: 6e 6b 65 79 00 00 00 00 00 00 00 00 00 00 00 00 
  00f0: 00 00 00 00 00 00 00 00 00 00 02 06 02 01 e0 0c 
  0100: 12 18 24 30 48 60 6c 00 00 00 00 00 00 00 00 c2 
  0110: 4b d1 00 47 4e 01 0c 77 65 70 73 68 61 72 65 64 
  0120: 6b 65 79 00 00 00 00 00 00 00 00 00 00 00 00 00 
  0130: 00 00 00 00 00 00 00 02 06 02 01 e1 0c 12 18 24 
  0140: 30 48 60 6c 00 00 00 00 00 00 00 00 00 00 


========== PACKET #11 ==========
Direction: REMOTE LOCAL
Type: 0x07 (CONNECT_REQ), Nonce: 0x0f56
Length: 60 bytes

  0000: 00 12 5a 33 fa 31 00 00 31 23 45 67 88 6f 58 42 
  0010: 4f 58 01 01 07 07 0f 56 4e 1e 03 04 01 01 07 04 
  0020: 6f 70 65 6e 11 01 02 00 00 00 00 00 00 00 00 00 
  0030: 00 00 00 00 00 00 00 00 00 00 00 00 


========== PACKET #12 ==========
Direction: REMOTE LOCAL
Type: 0x08 (CONNECT_RESP), Nonce: 0x0f56
Length: 60 bytes

  0000: 00 00 31 23 45 67 00 12 5a 33 fa 31 88 6f 58 42 
  0010: 4f 58 01 01 04 08 0f 56 44 06 00 00 00 00 00 00 
  0020: 00 00 00 00 00 00 00 00 00 00 00 00 00 00 00 00 
  0030: 00 00 00 00 00 00 00 00 00 00 00 00 


========== PACKET #13 ==========
Direction: REMOTE LOCAL
Type: 0x09 (BEACON_REQ), Nonce: 0x0f57
Length: 60 bytes

  0000: 00 12 5a 33 fa 31 00 00 31 23 45 67 88 6f 58 42 
  0010: 4f 58 01 01 03 09 0f 57 45 04 00 00 00 00 00 00 
  0020: 00 00 00 00 00 00 00 00 00 00 00 00 00 00 00 00 
  0030: 00 00 00 00 00 00 00 00 00 00 00 00 


========== PACKET #14 ==========
Direction: REMOTE LOCAL
Type: 0x0a (BEACON_RESP), Nonce: 0x0f57
Length: 60 bytes

  0000: 00 00 31 23 45 67 00 12 5a 33 fa 31 88 6f 58 42 
  0010: 4f 58 01 01 04 0a 0f 57 2a 83 03 80 16 00 00 00 
  0020: 00 00 00 00 00 00 00 00 00 00 00 00 00 00 00 00 
  0030: 00 00 00 00 00 00 00 00 00 00 00 00 


========== PACKET #15 ==========
Direction: REMOTE LOCAL
Type: 0x09 (BEACON_REQ), Nonce: 0x0f58
Length: 60 bytes

  0000: 00 12 5a 33 fa 31 00 00 31 23 45 67 88 6f 58 42 
  0010: 4f 58 01 01 03 09 0f 58 45 03 00 00 00 00 00 00 
  0020: 00 00 00 00 00 00 00 00 00 00 00 00 00 00 00 00 
  0030: 00 00 00 00 00 00 00 00 00 00 00 00 


========== PACKET #16 ==========
Direction: REMOTE LOCAL
Type: 0x0a (BEACON_RESP), Nonce: 0x0f58
Length: 60 bytes

  0000: 00 00 31 23 45 67 00 12 5a 33 fa 31 88 6f 58 42 
  0010: 4f 58 01 01 04 0a 0f 58 2a 82 03 80 16 00 00 00 
  0020: 00 00 00 00 00 00 00 00 00 00 00 00 00 00 00 00 
  0030: 00 00 00 00 00 00 00 00 00 00 00 00 


========== PACKET #17 ==========
Direction: REMOTE LOCAL
Type: 0x09 (BEACON_REQ), Nonce: 0x0f59
Length: 60 bytes

  0000: 00 12 5a 33 fa 31 00 00 31 23 45 67 88 6f 58 42 
  0010: 4f 58 01 01 03 09 0f 59 45 02 00 00 00 00 00 00 
  0020: 00 00 00 00 00 00 00 00 00 00 00 00 00 00 00 00 
  0030: 00 00 00 00 00 00 00 00 00 00 00 00 


========== PACKET #18 ==========
Direction: REMOTE LOCAL
Type: 0x0a (BEACON_RESP), Nonce: 0x0f59
Length: 60 bytes

  0000: 00 00 31 23 45 67 00 12 5a 33 fa 31 88 6f 58 42 
  0010: 4f 58 01 01 04 0a 0f 59 2a 81 03 80 16 00 00 00 
  0020: 00 00 00 00 00 00 00 00 00 00 00 00 00 00 00 00 
  0030: 00 00 00 00 00 00 00 00 00 00 00 00 


========== PACKET #19 ==========
Direction: REMOTE LOCAL
Type: 0x09 (BEACON_REQ), Nonce: 0x0f5a
Length: 60 bytes

  0000: 00 12 5a 33 fa 31 00 00 31 23 45 67 88 6f 58 42 
  0010: 4f 58 01 01 03 09 0f 5a 45 01 00 00 00 00 00 00 
  0020: 00 00 00 00 00 00 00 00 00 00 00 00 00 00 00 00 
  0030: 00 00 00 00 00 00 00 00 00 00 00 00 


========== PACKET #20 ==========
Direction: REMOTE LOCAL
Type: 0x09 (BEACON_REQ), Nonce: 0x0f5b
Length: 60 bytes

  0000: 00 12 5a 33 fa 31 00 00 31 23 45 67 88 6f 58 42 
  0010: 4f 58 01 01 03 09 0f 5b 45 00 00 00 00 00 00 00 
  0020: 00 00 00 00 00 00 00 00 00 00 00 00 00 00 00 00 
  0030: 00 00 00 00 00 00 00 00 00 00 00 00 


========== PACKET #21 ==========
Direction: REMOTE LOCAL
Type: 0x09 (BEACON_REQ), Nonce: 0x0f5c
Length: 60 bytes

  0000: 00 12 5a 33 fa 31 00 00 31 23 45 67 88 6f 58 42 
  0010: 4f 58 01 01 03 09 0f 5c 44 ff 00 00 00 00 00 00 
  0020: 00 00 00 00 00 00 00 00 00 00 00 00 00 00 00 00 
  0030: 00 00 00 00 00 00 00 00 00 00 00 00 


========== PACKET #22 ==========
Direction: REMOTE LOCAL
Type: 0x09 (BEACON_REQ), Nonce: 0x0f5d
Length: 60 bytes

  0000: 00 12 5a 33 fa 31 00 00 31 23 45 67 88 6f 58 42 
  0010: 4f 58 01 01 03 09 0f 5d 44 fe 00 00 00 00 00 00 
  0020: 00 00 00 00 00 00 00 00 00 00 00 00 00 00 00 00 
  0030: 00 00 00 00 00 00 00 00 00 00 00 00 


========== PACKET #23 ==========
Direction: REMOTE LOCAL
Type: 0x09 (BEACON_REQ), Nonce: 0x0f5e
Length: 60 bytes

  0000: 00 12 5a 33 fa 31 00 00 31 23 45 67 88 6f 58 42 
  0010: 4f 58 01 01 03 09 0f 5e 44 fd 00 00 00 00 00 00 
  0020: 00 00 00 00 00 00 00 00 00 00 00 00 00 00 00 00 
  0030: 00 00 00 00 00 00 00 00 00 00 00 00 


========== PACKET #24 ==========
Direction: REMOTE LOCAL
Type: 0x09 (BEACON_REQ), Nonce: 0x0f5f
Length: 60 bytes

  0000: 00 12 5a 33 fa 31 00 00 31 23 45 67 88 6f 58 42 
  0010: 4f 58 01 01 03 09 0f 5f 44 fc 00 00 00 00 00 00 
  0020: 00 00 00 00 00 00 00 00 00 00 00 00 00 00 00 00 
  0030: 00 00 00 00 00 00 00 00 00 00 00 00 


========== PACKET #25 ==========
Direction: REMOTE LOCAL
Type: 0x09 (BEACON_REQ), Nonce: 0x0f60
Length: 60 bytes

  0000: 00 12 5a 33 fa 31 00 00 31 23 45 67 88 6f 58 42 
  0010: 4f 58 01 01 03 09 0f 60 44 fb 00 00 00 00 00 00 
  0020: 00 00 00 00 00 00 00 00 00 00 00 00 00 00 00 00 
  0030: 00 00 00 00 00 00 00 00 00 00 00 00 


========== PACKET #26 ==========
Direction: REMOTE LOCAL
Type: 0x0a (BEACON_RESP), Nonce: 0x0f60
Length: 60 bytes

  0000: 00 00 31 23 45 67 00 12 5a 33 fa 31 88 6f 58 42 
  0010: 4f 58 01 01 04 0a 0f 60 40 7a 03 80 00 00 00 00 
  0020: 00 00 00 00 00 00 00 00 00 00 00 00 00 00 00 00 
  0030: 00 00 00 00 00 00 00 00 00 00 00 00 


========== PACKET #27 ==========
Direction: REMOTE LOCAL
Type: 0x09 (BEACON_REQ), Nonce: 0x0f61
Length: 60 bytes

  0000: 00 12 5a 33 fa 31 00 00 31 23 45 67 88 6f 58 42 
  0010: 4f 58 01 01 03 09 0f 61 44 fa 00 00 00 00 00 00 
  0020: 00 00 00 00 00 00 00 00 00 00 00 00 00 00 00 00 
  0030: 00 00 00 00 00 00 00 00 00 00 00 00 


========== PACKET #28 ==========
Direction: REMOTE LOCAL
Type: 0x0a (BEACON_RESP), Nonce: 0x0f61
Length: 60 bytes

  0000: 00 00 31 23 45 67 00 12 5a 33 fa 31 88 6f 58 42 
  0010: 4f 58 01 01 04 0a 0f 61 40 79 03 80 00 00 00 00 
  0020: 00 00 00 00 00 00 00 00 00 00 00 00 00 00 00 00 
  0030: 00 00 00 00 00 00 00 00 00 00 00 00 


========== PACKET #29 ==========
Direction: REMOTE LOCAL
Type: 0x09 (BEACON_REQ), Nonce: 0x0f62
Length: 60 bytes

  0000: 00 12 5a 33 fa 31 00 00 31 23 45 67 88 6f 58 42 
  0010: 4f 58 01 01 03 09 0f 62 44 f9 00 00 00 00 00 00 
  0020: 00 00 00 00 00 00 00 00 00 00 00 00 00 00 00 00 
  0030: 00 00 00 00 00 00 00 00 00 00 00 00 


========== PACKET #30 ==========
Direction: REMOTE LOCAL
Type: 0x0a (BEACON_RESP), Nonce: 0x0f62
Length: 60 bytes

  0000: 00 00 31 23 45 67 00 12 5a 33 fa 31 88 6f 58 42 
  0010: 4f 58 01 01 04 0a 0f 62 40 78 03 80 00 00 00 00 
  0020: 00 00 00 00 00 00 00 00 00 00 00 00 00 00 00 00 
  0030: 00 00 00 00 00 00 00 00 00 00 00 00 


========== PACKET #31 ==========
Direction: REMOTE LOCAL
Type: 0x09 (BEACON_REQ), Nonce: 0x0f63
Length: 60 bytes

  0000: 00 12 5a 33 fa 31 00 00 31 23 45 67 88 6f 58 42 
  0010: 4f 58 01 01 03 09 0f 63 44 f8 00 00 00 00 00 00 
  0020: 00 00 00 00 00 00 00 00 00 00 00 00 00 00 00 00 
  0030: 00 00 00 00 00 00 00 00 00 00 00 00 


========== PACKET #32 ==========
Direction: REMOTE LOCAL
Type: 0x0a (BEACON_RESP), Nonce: 0x0f63
Length: 60 bytes

  0000: 00 00 31 23 45 67 00 12 5a 33 fa 31 88 6f 58 42 
  0010: 4f 58 01 01 04 0a 0f 63 40 77 03 80 00 00 00 00 
  0020: 00 00 00 00 00 00 00 00 00 00 00 00 00 00 00 00 
  0030: 00 00 00 00 00 00 00 00 00 00 00 00 


========== PACKET #33 ==========
Direction: REMOTE LOCAL
Type: 0x09 (BEACON_REQ), Nonce: 0x0f64
Length: 60 bytes

  0000: 00 12 5a 33 fa 31 00 00 31 23 45 67 88 6f 58 42 
  0010: 4f 58 01 01 03 09 0f 64 44 f7 00 00 00 00 00 00 
  0020: 00 00 00 00 00 00 00 00 00 00 00 00 00 00 00 00 
  0030: 00 00 00 00 00 00 00 00 00 00 00 00 


========== PACKET #34 ==========
Direction: REMOTE LOCAL
Type: 0x0a (BEACON_RESP), Nonce: 0x0f64
Length: 60 bytes

  0000: 00 00 31 23 45 67 00 12 5a 33 fa 31 88 6f 58 42 
  0010: 4f 58 01 01 04 0a 0f 64 40 76 03 80 00 00 00 00 
  0020: 00 00 00 00 00 00 00 00 00 00 00 00 00 00 00 00 
  0030: 00 00 00 00 00 00 00 00 00 00 00 00 


========== PACKET #35 ==========
Direction: REMOTE LOCAL
Type: 0x09 (BEACON_REQ), Nonce: 0x0f65
Length: 60 bytes

  0000: 00 12 5a 33 fa 31 00 00 31 23 45 67 88 6f 58 42 
  0010: 4f 58 01 01 03 09 0f 65 44 f6 00 00 00 00 00 00 
  0020: 00 00 00 00 00 00 00 00 00 00 00 00 00 00 00 00 
  0030: 00 00 00 00 00 00 00 00 00 00 00 00 


========== PACKET #36 ==========
Direction: REMOTE LOCAL
Type: 0x09 (BEACON_REQ), Nonce: 0x0f66
Length: 60 bytes

  0000: 00 12 5a 33 fa 31 00 00 31 23 45 67 88 6f 58 42 
  0010: 4f 58 01 01 03 09 0f 66 44 f5 00 00 00 00 00 00 
  0020: 00 00 00 00 00 00 00 00 00 00 00 00 00 00 00 00 
  0030: 00 00 00 00 00 00 00 00 00 00 00 00 


========== PACKET #37 ==========
Direction: REMOTE LOCAL
Type: 0x0a (BEACON_RESP), Nonce: 0x0f65
Length: 60 bytes

  0000: 00 00 31 23 45 67 00 12 5a 33 fa 31 88 6f 58 42 
  0010: 4f 58 01 01 04 0a 0f 65 d4 74 03 80 6c 00 00 00 
  0020: 00 00 00 00 00 00 00 00 00 00 00 00 00 00 00 00 
  0030: 00 00 00 00 00 00 00 00 00 00 00 00 


========== PACKET #38 ==========
Direction: REMOTE LOCAL
Type: 0x0a (BEACON_RESP), Nonce: 0x0f66
Length: 60 bytes

  0000: 00 00 31 23 45 67 00 12 5a 33 fa 31 88 6f 58 42 
  0010: 4f 58 01 01 04 0a 0f 66 d4 73 03 80 6c 00 00 00 
  0020: 00 00 00 00 00 00 00 00 00 00 00 00 00 00 00 00 
  0030: 00 00 00 00 00 00 00 00 00 00 00 00 


========== PACKET #39 ==========
Direction: REMOTE LOCAL
Type: 0x09 (BEACON_REQ), Nonce: 0x0f67
Length: 60 bytes

  0000: 00 12 5a 33 fa 31 00 00 31 23 45 67 88 6f 58 42 
  0010: 4f 58 01 01 03 09 0f 67 44 f4 00 00 00 00 00 00 
  0020: 00 00 00 00 00 00 00 00 00 00 00 00 00 00 00 00 
  0030: 00 00 00 00 00 00 00 00 00 00 00 00 


========== PACKET #40 ==========
Direction: REMOTE LOCAL
Type: 0x0a (BEACON_RESP), Nonce: 0x0f67
Length: 60 bytes

  0000: 00 00 31 23 45 67 00 12 5a 33 fa 31 88 6f 58 42 
  0010: 4f 58 01 01 04 0a 0f 67 d4 72 03 80 6c 00 00 00 
  0020: 00 00 00 00 00 00 00 00 00 00 00 00 00 00 00 00 
  0030: 00 00 00 00 00 00 00 00 00 00 00 00 


========== PACKET #41 ==========
Direction: REMOTE LOCAL
Type: 0x09 (BEACON_REQ), Nonce: 0x0f68
Length: 60 bytes

  0000: 00 12 5a 33 fa 31 00 00 31 23 45 67 88 6f 58 42 
  0010: 4f 58 01 01 03 09 0f 68 44 f3 00 00 00 00 00 00 
  0020: 00 00 00 00 00 00 00 00 00 00 00 00 00 00 00 00 
  0030: 00 00 00 00 00 00 00 00 00 00 00 00 


========== PACKET #42 ==========
Direction: REMOTE LOCAL
Type: 0x0a (BEACON_RESP), Nonce: 0x0f68
Length: 60 bytes

  0000: 00 00 31 23 45 67 00 12 5a 33 fa 31 88 6f 58 42 
  0010: 4f 58 01 01 04 0a 0f 68 d4 71 03 80 6c 00 00 00 
  0020: 00 00 00 00 00 00 00 00 00 00 00 00 00 00 00 00 
  0030: 00 00 00 00 00 00 00 00 00 00 00 00 


========== PACKET #43 ==========
Direction: REMOTE LOCAL
Type: 0x09 (BEACON_REQ), Nonce: 0x0f69
Length: 60 bytes

  0000: 00 12 5a 33 fa 31 00 00 31 23 45 67 88 6f 58 42 
  0010: 4f 58 01 01 03 09 0f 69 44 f2 00 00 00 00 00 00 
  0020: 00 00 00 00 00 00 00 00 00 00 00 00 00 00 00 00 
  0030: 00 00 00 00 00 00 00 00 00 00 00 00 


========== PACKET #44 ==========
Direction: REMOTE LOCAL
Type: 0x0a (BEACON_RESP), Nonce: 0x0f69
Length: 60 bytes

  0000: 00 00 31 23 45 67 00 12 5a 33 fa 31 88 6f 58 42 
  0010: 4f 58 01 01 04 0a 0f 69 d4 70 03 80 6c 00 00 00 
  0020: 00 00 00 00 00 00 00 00 00 00 00 00 00 00 00 00 
  0030: 00 00 00 00 00 00 00 00 00 00 00 00 


========== PACKET #45 ==========
Direction: REMOTE LOCAL
Type: 0x09 (BEACON_REQ), Nonce: 0x0f6a
Length: 60 bytes

  0000: 00 12 5a 33 fa 31 00 00 31 23 45 67 88 6f 58 42 
  0010: 4f 58 01 01 03 09 0f 6a 44 f1 00 00 00 00 00 00 
  0020: 00 00 00 00 00 00 00 00 00 00 00 00 00 00 00 00 
  0030: 00 00 00 00 00 00 00 00 00 00 00 00 


========== PACKET #46 ==========
Direction: REMOTE LOCAL
Type: 0x0a (BEACON_RESP), Nonce: 0x0f6a
Length: 60 bytes

  0000: 00 00 31 23 45 67 00 12 5a 33 fa 31 88 6f 58 42 
  0010: 4f 58 01 01 04 0a 0f 6a d4 6f 03 80 6c 00 00 00 
  0020: 00 00 00 00 00 00 00 00 00 00 00 00 00 00 00 00 
  0030: 00 00 00 00 00 00 00 00 00 00 00 00 


========== PACKET #47 ==========
Direction: REMOTE LOCAL
Type: 0x09 (BEACON_REQ), Nonce: 0x0f6b
Length: 60 bytes

  0000: 00 12 5a 33 fa 31 00 00 31 23 45 67 88 6f 58 42 
  0010: 4f 58 01 01 03 09 0f 6b 44 f0 00 00 00 00 00 00 
  0020: 00 00 00 00 00 00 00 00 00 00 00 00 00 00 00 00 
  0030: 00 00 00 00 00 00 00 00 00 00 00 00 


========== PACKET #48 ==========
Direction: REMOTE LOCAL
Type: 0x0a (BEACON_RESP), Nonce: 0x0f6b
Length: 60 bytes

  0000: 00 00 31 23 45 67 00 12 5a 33 fa 31 88 6f 58 42 
  0010: 4f 58 01 01 04 0a 0f 6b d4 6e 03 80 6c 00 00 00 
  0020: 00 00 00 00 00 00 00 00 00 00 00 00 00 00 00 00 
  0030: 00 00 00 00 00 00 00 00 00 00 00 00 


========== PACKET #49 ==========
Direction: REMOTE LOCAL
Type: 0x09 (BEACON_REQ), Nonce: 0x0f6c
Length: 60 bytes

  0000: 00 12 5a 33 fa 31 00 00 31 23 45 67 88 6f 58 42 
  0010: 4f 58 01 01 03 09 0f 6c 44 ef 00 00 00 00 00 00 
  0020: 00 00 00 00 00 00 00 00 00 00 00 00 00 00 00 00 
  0030: 00 00 00 00 00 00 00 00 00 00 00 00 


========== PACKET #50 ==========
Direction: REMOTE LOCAL
Type: 0x0a (BEACON_RESP), Nonce: 0x0f6c
Length: 60 bytes

  0000: 00 00 31 23 45 67 00 12 5a 33 fa 31 88 6f 58 42 
  0010: 4f 58 01 01 04 0a 0f 6c d4 6d 03 80 6c 00 00 00 
  0020: 00 00 00 00 00 00 00 00 00 00 00 00 00 00 00 00 
  0030: 00 00 00 00 00 00 00 00 00 00 00 00 


========== PACKET #51 ==========
Direction: REMOTE LOCAL
Type: 0x09 (BEACON_REQ), Nonce: 0x0f6d
Length: 60 bytes

  0000: 00 12 5a 33 fa 31 00 00 31 23 45 67 88 6f 58 42 
  0010: 4f 58 01 01 03 09 0f 6d 44 ee 00 00 00 00 00 00 
  0020: 00 00 00 00 00 00 00 00 00 00 00 00 00 00 00 00 
  0030: 00 00 00 00 00 00 00 00 00 00 00 00 


========== PACKET #52 ==========
Direction: REMOTE LOCAL
Type: 0x0a (BEACON_RESP), Nonce: 0x0f6d
Length: 60 bytes

  0000: 00 00 31 23 45 67 00 12 5a 33 fa 31 88 6f 58 42 
  0010: 4f 58 01 01 04 0a 0f 6d d4 6c 03 80 6c 00 00 00 
  0020: 00 00 00 00 00 00 00 00 00 00 00 00 00 00 00 00 
  0030: 00 00 00 00 00 00 00 00 00 00 00 00 


========== PACKET #53 ==========
Direction: REMOTE LOCAL
Type: 0x09 (BEACON_REQ), Nonce: 0x0f6e
Length: 60 bytes

  0000: 00 12 5a 33 fa 31 00 00 31 23 45 67 88 6f 58 42 
  0010: 4f 58 01 01 03 09 0f 6e 44 ed 00 00 00 00 00 00 
  0020: 00 00 00 00 00 00 00 00 00 00 00 00 00 00 00 00 
  0030: 00 00 00 00 00 00 00 00 00 00 00 00 


========== PACKET #54 ==========
Direction: REMOTE LOCAL
Type: 0x0a (BEACON_RESP), Nonce: 0x0f6e
Length: 60 bytes

  0000: 00 00 31 23 45 67 00 12 5a 33 fa 31 88 6f 58 42 
  0010: 4f 58 01 01 04 0a 0f 6e d6 ec 00 ff 6c 00 00 00 
  0020: 00 00 00 00 00 00 00 00 00 00 00 00 00 00 00 00 
  0030: 00 00 00 00 00 00 00 00 00 00 00 00 


========== PACKET #55 ==========
Direction: REMOTE LOCAL
Type: 0x09 (BEACON_REQ), Nonce: 0x0f6f
Length: 60 bytes

  0000: 00 12 5a 33 fa 31 00 00 31 23 45 67 88 6f 58 42 
  0010: 4f 58 01 01 03 09 0f 6f 44 ec 00 00 00 00 00 00 
  0020: 00 00 00 00 00 00 00 00 00 00 00 00 00 00 00 00 
  0030: 00 00 00 00 00 00 00 00 00 00 00 00 


========== PACKET #56 ==========
Direction: REMOTE LOCAL
Type: 0x0a (BEACON_RESP), Nonce: 0x0f6f
Length: 60 bytes

  0000: 00 00 31 23 45 67 00 12 5a 33 fa 31 88 6f 58 42 
  0010: 4f 58 01 01 04 0a 0f 6f d6 fe 00 ec 6c 00 00 00 
  0020: 00 00 00 00 00 00 00 00 00 00 00 00 00 00 00 00 
  0030: 00 00 00 00 00 00 00 00 00 00 00 00 


========== PACKET #57 ==========
Direction: REMOTE LOCAL
Type: 0x09 (BEACON_REQ), Nonce: 0x0f70
Length: 60 bytes

  0000: 00 12 5a 33 fa 31 00 00 31 23 45 67 88 6f 58 42 
  0010: 4f 58 01 01 03 09 0f 70 44 eb 00 00 00 00 00 00 
  0020: 00 00 00 00 00 00 00 00 00 00 00 00 00 00 00 00 
  0030: 00 00 00 00 00 00 00 00 00 00 00 00 


========== PACKET #58 ==========
Direction: REMOTE LOCAL
Type: 0x09 (BEACON_REQ), Nonce: 0x0f71
Length: 60 bytes

  0000: 00 12 5a 33 fa 31 00 00 31 23 45 67 88 6f 58 42 
  0010: 4f 58 01 01 03 09 0f 71 44 ea 00 00 00 00 00 00 
  0020: 00 00 00 00 00 00 00 00 00 00 00 00 00 00 00 00 
  0030: 00 00 00 00 00 00 00 00 00 00 00 00 


========== PACKET #59 ==========
Direction: REMOTE LOCAL
Type: 0x0a (BEACON_RESP), Nonce: 0x0f70
Length: 60 bytes

  0000: 00 00 31 23 45 67 00 12 5a 33 fa 31 88 6f 58 42 
  0010: 4f 58 01 01 04 0a 0f 70 d4 69 03 80 6c 00 00 00 
  0020: 00 00 00 00 00 00 00 00 00 00 00 00 00 00 00 00 
  0030: 00 00 00 00 00 00 00 00 00 00 00 00 


========== PACKET #60 ==========
Direction: REMOTE LOCAL
Type: 0x0a (BEACON_RESP), Nonce: 0x0f71
Length: 60 bytes

  0000: 00 00 31 23 45 67 00 12 5a 33 fa 31 88 6f 58 42 
  0010: 4f 58 01 01 04 0a 0f 71 d4 68 03 80 6c 00 00 00 
  0020: 00 00 00 00 00 00 00 00 00 00 00 00 00 00 00 00 
  0030: 00 00 00 00 00 00 00 00 00 00 00 00 


========== PACKET #61 ==========
Direction: REMOTE LOCAL
Type: 0x09 (BEACON_REQ), Nonce: 0x0f72
Length: 60 bytes

  0000: 00 12 5a 33 fa 31 00 00 31 23 45 67 88 6f 58 42 
  0010: 4f 58 01 01 03 09 0f 72 44 e9 00 00 00 00 00 00 
  0020: 00 00 00 00 00 00 00 00 00 00 00 00 00 00 00 00 
  0030: 00 00 00 00 00 00 00 00 00 00 00 00 


========== PACKET #62 ==========
Direction: REMOTE LOCAL
Type: 0x0a (BEACON_RESP), Nonce: 0x0f72
Length: 60 bytes

  0000: 00 00 31 23 45 67 00 12 5a 33 fa 31 88 6f 58 42 
  0010: 4f 58 01 01 04 0a 0f 72 d4 67 03 80 6c 00 00 00 
  0020: 00 00 00 00 00 00 00 00 00 00 00 00 00 00 00 00 
  0030: 00 00 00 00 00 00 00 00 00 00 00 00 


========== PACKET #63 ==========
Direction: REMOTE LOCAL
Type: 0x09 (BEACON_REQ), Nonce: 0x0f73
Length: 60 bytes

  0000: 00 12 5a 33 fa 31 00 00 31 23 45 67 88 6f 58 42 
  0010: 4f 58 01 01 03 09 0f 73 44 e8 00 00 00 00 00 00 
  0020: 00 00 00 00 00 00 00 00 00 00 00 00 00 00 00 00 
  0030: 00 00 00 00 00 00 00 00 00 00 00 00 


========== PACKET #64 ==========
Direction: REMOTE LOCAL
Type: 0x0a (BEACON_RESP), Nonce: 0x0f73
Length: 60 bytes

  0000: 00 00 31 23 45 67 00 12 5a 33 fa 31 88 6f 58 42 
  0010: 4f 58 01 01 04 0a 0f 73 d4 66 03 80 6c 00 00 00 
  0020: 00 00 00 00 00 00 00 00 00 00 00 00 00 00 00 00 
  0030: 00 00 00 00 00 00 00 00 00 00 00 00 


========== PACKET #65 ==========
Direction: REMOTE LOCAL
Type: 0x09 (BEACON_REQ), Nonce: 0x0f74
Length: 60 bytes

  0000: 00 12 5a 33 fa 31 00 00 31 23 45 67 88 6f 58 42 
  0010: 4f 58 01 01 03 09 0f 74 44 e7 00 00 00 00 00 00 
  0020: 00 00 00 00 00 00 00 00 00 00 00 00 00 00 00 00 
  0030: 00 00 00 00 00 00 00 00 00 00 00 00 


========== PACKET #66 ==========
Direction: REMOTE LOCAL
Type: 0x0a (BEACON_RESP), Nonce: 0x0f74
Length: 60 bytes

  0000: 00 00 31 23 45 67 00 12 5a 33 fa 31 88 6f 58 42 
  0010: 4f 58 01 01 04 0a 0f 74 d4 65 03 80 6c 00 00 00 
  0020: 00 00 00 00 00 00 00 00 00 00 00 00 00 00 00 00 
  0030: 00 00 00 00 00 00 00 00 00 00 00 00 


========== PACKET #67 ==========
Direction: REMOTE LOCAL
Type: 0x09 (BEACON_REQ), Nonce: 0x0f75
Length: 60 bytes

  0000: 00 12 5a 33 fa 31 00 00 31 23 45 67 88 6f 58 42 
  0010: 4f 58 01 01 03 09 0f 75 44 e6 00 00 00 00 00 00 
  0020: 00 00 00 00 00 00 00 00 00 00 00 00 00 00 00 00 
  0030: 00 00 00 00 00 00 00 00 00 00 00 00 


========== PACKET #68 ==========
Direction: REMOTE LOCAL
Type: 0x0a (BEACON_RESP), Nonce: 0x0f75
Length: 60 bytes

  0000: 00 00 31 23 45 67 00 12 5a 33 fa 31 88 6f 58 42 
  0010: 4f 58 01 01 04 0a 0f 75 d4 64 03 80 6c 00 00 00 
  0020: 00 00 00 00 00 00 00 00 00 00 00 00 00 00 00 00 
  0030: 00 00 00 00 00 00 00 00 00 00 00 00 


========== PACKET #69 ==========
Direction: REMOTE LOCAL
Type: 0x09 (BEACON_REQ), Nonce: 0x0f76
Length: 60 bytes

  0000: 00 12 5a 33 fa 31 00 00 31 23 45 67 88 6f 58 42 
  0010: 4f 58 01 01 03 09 0f 76 44 e5 00 00 00 00 00 00 
  0020: 00 00 00 00 00 00 00 00 00 00 00 00 00 00 00 00 
  0030: 00 00 00 00 00 00 00 00 00 00 00 00 


========== PACKET #70 ==========
Direction: REMOTE LOCAL
Type: 0x0a (BEACON_RESP), Nonce: 0x0f76
Length: 60 bytes

  0000: 00 00 31 23 45 67 00 12 5a 33 fa 31 88 6f 58 42 
  0010: 4f 58 01 01 04 0a 0f 76 d4 63 03 80 6c 00 00 00 
  0020: 00 00 00 00 00 00 00 00 00 00 00 00 00 00 00 00 
  0030: 00 00 00 00 00 00 00 00 00 00 00 00 


========== PACKET #71 ==========
Direction: REMOTE LOCAL
Type: 0x09 (BEACON_REQ), Nonce: 0x0f77
Length: 60 bytes

  0000: 00 12 5a 33 fa 31 00 00 31 23 45 67 88 6f 58 42 
  0010: 4f 58 01 01 03 09 0f 77 44 e4 00 00 00 00 00 00 
  0020: 00 00 00 00 00 00 00 00 00 00 00 00 00 00 00 00 
  0030: 00 00 00 00 00 00 00 00 00 00 00 00 


========== PACKET #72 ==========
Direction: REMOTE LOCAL
Type: 0x0a (BEACON_RESP), Nonce: 0x0f77
Length: 60 bytes

  0000: 00 00 31 23 45 67 00 12 5a 33 fa 31 88 6f 58 42 
  0010: 4f 58 01 01 04 0a 0f 77 d4 62 03 80 6c 00 00 00 
  0020: 00 00 00 00 00 00 00 00 00 00 00 00 00 00 00 00 
  0030: 00 00 00 00 00 00 00 00 00 00 00 00 


========== PACKET #73 ==========
Direction: REMOTE LOCAL
Type: 0x09 (BEACON_REQ), Nonce: 0x0f78
Length: 60 bytes

  0000: 00 12 5a 33 fa 31 00 00 31 23 45 67 88 6f 58 42 
  0010: 4f 58 01 01 03 09 0f 78 44 e3 00 00 00 00 00 00 
  0020: 00 00 00 00 00 00 00 00 00 00 00 00 00 00 00 00 
  0030: 00 00 00 00 00 00 00 00 00 00 00 00 


========== PACKET #74 ==========
Direction: REMOTE LOCAL
Type: 0x0a (BEACON_RESP), Nonce: 0x0f78
Length: 60 bytes

  0000: 00 00 31 23 45 67 00 12 5a 33 fa 31 88 6f 58 42 
  0010: 4f 58 01 01 04 0a 0f 78 d4 61 03 80 6c 00 00 00 
  0020: 00 00 00 00 00 00 00 00 00 00 00 00 00 00 00 00 
  0030: 00 00 00 00 00 00 00 00 00 00 00 00 


========== PACKET #75 ==========
Direction: REMOTE LOCAL
Type: 0x09 (BEACON_REQ), Nonce: 0x0f79
Length: 60 bytes

  0000: 00 12 5a 33 fa 31 00 00 31 23 45 67 88 6f 58 42 
  0010: 4f 58 01 01 03 09 0f 79 44 e2 00 00 00 00 00 00 
  0020: 00 00 00 00 00 00 00 00 00 00 00 00 00 00 00 00 
  0030: 00 00 00 00 00 00 00 00 00 00 00 00 


========== PACKET #76 ==========
Direction: REMOTE LOCAL
Type: 0x0a (BEACON_RESP), Nonce: 0x0f79
Length: 60 bytes

  0000: 00 00 31 23 45 67 00 12 5a 33 fa 31 88 6f 58 42 
  0010: 4f 58 01 01 04 0a 0f 79 d4 60 03 80 6c 00 00 00 
  0020: 00 00 00 00 00 00 00 00 00 00 00 00 00 00 00 00 
  0030: 00 00 00 00 00 00 00 00 00 00 00 00 


========== PACKET #77 ==========
Direction: REMOTE LOCAL
Type: 0x09 (BEACON_REQ), Nonce: 0x0f7a
Length: 60 bytes

  0000: 00 12 5a 33 fa 31 00 00 31 23 45 67 88 6f 58 42 
  0010: 4f 58 01 01 03 09 0f 7a 44 e1 00 00 00 00 00 00 
  0020: 00 00 00 00 00 00 00 00 00 00 00 00 00 00 00 00 
  0030: 00 00 00 00 00 00 00 00 00 00 00 00 


========== PACKET #78 ==========
Direction: REMOTE LOCAL
Type: 0x0a (BEACON_RESP), Nonce: 0x0f7a
Length: 60 bytes

  0000: 00 00 31 23 45 67 00 12 5a 33 fa 31 88 6f 58 42 
  0010: 4f 58 01 01 04 0a 0f 7a d4 5f 03 80 6c 00 00 00 
  0020: 00 00 00 00 00 00 00 00 00 00 00 00 00 00 00 00 
  0030: 00 00 00 00 00 00 00 00 00 00 00 00 


========== PACKET #79 ==========
Direction: REMOTE LOCAL
Type: 0x09 (BEACON_REQ), Nonce: 0x0f7b
Length: 60 bytes

  0000: 00 12 5a 33 fa 31 00 00 31 23 45 67 88 6f 58 42 
  0010: 4f 58 01 01 03 09 0f 7b 44 e0 00 00 00 00 00 00 
  0020: 00 00 00 00 00 00 00 00 00 00 00 00 00 00 00 00 
  0030: 00 00 00 00 00 00 00 00 00 00 00 00 


========== PACKET #80 ==========
Direction: REMOTE LOCAL
Type: 0x0a (BEACON_RESP), Nonce: 0x0f7b
Length: 60 bytes

  0000: 00 00 31 23 45 67 00 12 5a 33 fa 31 88 6f 58 42 
  0010: 4f 58 01 01 04 0a 0f 7b d4 5e 03 80 6c 00 00 00 
  0020: 00 00 00 00 00 00 00 00 00 00 00 00 00 00 00 00 
  0030: 00 00 00 00 00 00 00 00 00 00 00 00 


========== PACKET #81 ==========
Direction: REMOTE LOCAL
Type: 0x09 (BEACON_REQ), Nonce: 0x0f7c
Length: 60 bytes

  0000: 00 12 5a 33 fa 31 00 00 31 23 45 67 88 6f 58 42 
  0010: 4f 58 01 01 03 09 0f 7c 44 df 00 00 00 00 00 00 
  0020: 00 00 00 00 00 00 00 00 00 00 00 00 00 00 00 00 
  0030: 00 00 00 00 00 00 00 00 00 00 00 00 


========== PACKET #82 ==========
Direction: REMOTE LOCAL
Type: 0x0a (BEACON_RESP), Nonce: 0x0f7c
Length: 60 bytes

  0000: 00 00 31 23 45 67 00 12 5a 33 fa 31 88 6f 58 42 
  0010: 4f 58 01 01 04 0a 0f 7c d7 04 00 d9 6c 00 00 00 
  0020: 00 00 00 00 00 00 00 00 00 00 00 00 00 00 00 00 
  0030: 00 00 00 00 00 00 00 00 00 00 00 00 


========== PACKET #83 ==========
Direction: REMOTE LOCAL
Type: 0x09 (BEACON_REQ), Nonce: 0x0f7d
Length: 60 bytes

  0000: 00 12 5a 33 fa 31 00 00 31 23 45 67 88 6f 58 42 
  0010: 4f 58 01 01 03 09 0f 7d 44 de 00 00 00 00 00 00 
  0020: 00 00 00 00 00 00 00 00 00 00 00 00 00 00 00 00 
  0030: 00 00 00 00 00 00 00 00 00 00 00 00 


========== PACKET #84 ==========
Direction: REMOTE LOCAL
Type: 0x09 (BEACON_REQ), Nonce: 0x0f7e
Length: 60 bytes

  0000: 00 12 5a 33 fa 31 00 00 31 23 45 67 88 6f 58 42 
  0010: 4f 58 01 01 03 09 0f 7e 44 dd 00 00 00 00 00 00 
  0020: 00 00 00 00 00 00 00 00 00 00 00 00 00 00 00 00 
  0030: 00 00 00 00 00 00 00 00 00 00 00 00 


========== PACKET #85 ==========
Direction: REMOTE LOCAL
Type: 0x0a (BEACON_RESP), Nonce: 0x0f7d
Length: 60 bytes

  0000: 00 00 31 23 45 67 00 12 5a 33 fa 31 88 6f 58 42 
  0010: 4f 58 01 01 04 0a 0f 7d d4 5c 03 80 6c 00 00 00 
  0020: 00 00 00 00 00 00 00 00 00 00 00 00 00 00 00 00 
  0030: 00 00 00 00 00 00 00 00 00 00 00 00 


========== PACKET #86 ==========
Direction: REMOTE LOCAL
Type: 0x0a (BEACON_RESP), Nonce: 0x0f7e
Length: 60 bytes

  0000: 00 00 31 23 45 67 00 12 5a 33 fa 31 88 6f 58 42 
  0010: 4f 58 01 01 04 0a 0f 7e d4 5b 03 80 6c 00 00 00 
  0020: 00 00 00 00 00 00 00 00 00 00 00 00 00 00 00 00 
  0030: 00 00 00 00 00 00 00 00 00 00 00 00 


========== PACKET #87 ==========
Direction: REMOTE LOCAL
Type: 0x09 (BEACON_REQ), Nonce: 0x0f7f
Length: 60 bytes

  0000: 00 12 5a 33 fa 31 00 00 31 23 45 67 88 6f 58 42 
  0010: 4f 58 01 01 03 09 0f 7f 44 dc 00 00 00 00 00 00 
  0020: 00 00 00 00 00 00 00 00 00 00 00 00 00 00 00 00 
  0030: 00 00 00 00 00 00 00 00 00 00 00 00 


========== PACKET #88 ==========
Direction: REMOTE LOCAL
Type: 0x0a (BEACON_RESP), Nonce: 0x0f7f
Length: 60 bytes

  0000: 00 00 31 23 45 67 00 12 5a 33 fa 31 88 6f 58 42 
  0010: 4f 58 01 01 04 0a 0f 7f d4 5a 03 80 6c 00 00 00 
  0020: 00 00 00 00 00 00 00 00 00 00 00 00 00 00 00 00 
  0030: 00 00 00 00 00 00 00 00 00 00 00 00 


========== PACKET #89 ==========
Direction: REMOTE LOCAL
Type: 0x09 (BEACON_REQ), Nonce: 0x0f80
Length: 60 bytes

  0000: 00 12 5a 33 fa 31 00 00 31 23 45 67 88 6f 58 42 
  0010: 4f 58 01 01 03 09 0f 80 44 db 00 00 00 00 00 00 
  0020: 00 00 00 00 00 00 00 00 00 00 00 00 00 00 00 00 
  0030: 00 00 00 00 00 00 00 00 00 00 00 00 


========== PACKET #90 ==========
Direction: REMOTE LOCAL
Type: 0x0a (BEACON_RESP), Nonce: 0x0f80
Length: 60 bytes

  0000: 00 00 31 23 45 67 00 12 5a 33 fa 31 88 6f 58 42 
  0010: 4f 58 01 01 04 0a 0f 80 d4 59 03 80 6c 00 00 00 
  0020: 00 00 00 00 00 00 00 00 00 00 00 00 00 00 00 00 
  0030: 00 00 00 00 00 00 00 00 00 00 00 00 


========== PACKET #91 ==========
Direction: REMOTE LOCAL
Type: 0x09 (BEACON_REQ), Nonce: 0x0f81
Length: 60 bytes

  0000: 00 12 5a 33 fa 31 00 00 31 23 45 67 88 6f 58 42 
  0010: 4f 58 01 01 03 09 0f 81 44 da 00 00 00 00 00 00 
  0020: 00 00 00 00 00 00 00 00 00 00 00 00 00 00 00 00 
  0030: 00 00 00 00 00 00 00 00 00 00 00 00 


========== PACKET #92 ==========
Direction: REMOTE LOCAL
Type: 0x0a (BEACON_RESP), Nonce: 0x0f81
Length: 60 bytes

  0000: 00 00 31 23 45 67 00 12 5a 33 fa 31 88 6f 58 42 
  0010: 4f 58 01 01 04 0a 0f 81 d4 58 03 80 6c 00 00 00 
  0020: 00 00 00 00 00 00 00 00 00 00 00 00 00 00 00 00 
  0030: 00 00 00 00 00 00 00 00 00 00 00 00 


========== PACKET #93 ==========
Direction: REMOTE LOCAL
Type: 0x09 (BEACON_REQ), Nonce: 0x0f82
Length: 60 bytes

  0000: 00 12 5a 33 fa 31 00 00 31 23 45 67 88 6f 58 42 
  0010: 4f 58 01 01 03 09 0f 82 44 d9 00 00 00 00 00 00 
  0020: 00 00 00 00 00 00 00 00 00 00 00 00 00 00 00 00 
  0030: 00 00 00 00 00 00 00 00 00 00 00 00 


========== PACKET #94 ==========
Direction: REMOTE LOCAL
Type: 0x0a (BEACON_RESP), Nonce: 0x0f82
Length: 60 bytes

  0000: 00 00 31 23 45 67 00 12 5a 33 fa 31 88 6f 58 42 
  0010: 4f 58 01 01 04 0a 0f 82 d4 57 03 80 6c 00 00 00 
  0020: 00 00 00 00 00 00 00 00 00 00 00 00 00 00 00 00 
  0030: 00 00 00 00 00 00 00 00 00 00 00 00 


========== PACKET #95 ==========
Direction: REMOTE LOCAL
Type: 0x09 (BEACON_REQ), Nonce: 0x0f83
Length: 60 bytes

  0000: 00 12 5a 33 fa 31 00 00 31 23 45 67 88 6f 58 42 
  0010: 4f 58 01 01 03 09 0f 83 44 d8 00 00 00 00 00 00 
  0020: 00 00 00 00 00 00 00 00 00 00 00 00 00 00 00 00 
  0030: 00 00 00 00 00 00 00 00 00 00 00 00 


========== PACKET #96 ==========
Direction: REMOTE LOCAL
Type: 0x0a (BEACON_RESP), Nonce: 0x0f83
Length: 60 bytes

  0000: 00 00 31 23 45 67 00 12 5a 33 fa 31 88 6f 58 42 
  0010: 4f 58 01 01 04 0a 0f 83 d5 56 02 80 6c 00 00 00 
  0020: 00 00 00 00 00 00 00 00 00 00 00 00 00 00 00 00 
  0030: 00 00 00 00 00 00 00 00 00 00 00 00 


========== PACKET #97 ==========
Direction: REMOTE LOCAL
Type: 0x09 (BEACON_REQ), Nonce: 0x0f84
Length: 60 bytes

  0000: 00 12 5a 33 fa 31 00 00 31 23 45 67 88 6f 58 42 
  0010: 4f 58 01 01 03 09 0f 84 44 d7 00 00 00 00 00 00 
  0020: 00 00 00 00 00 00 00 00 00 00 00 00 00 00 00 00 
  0030: 00 00 00 00 00 00 00 00 00 00 00 00 


========== PACKET #98 ==========
Direction: REMOTE LOCAL
Type: 0x0a (BEACON_RESP), Nonce: 0x0f84
Length: 60 bytes

  0000: 00 00 31 23 45 67 00 12 5a 33 fa 31 88 6f 58 42 
  0010: 4f 58 01 01 04 0a 0f 84 d5 55 02 80 6c 00 00 00 
  0020: 00 00 00 00 00 00 00 00 00 00 00 00 00 00 00 00 
  0030: 00 00 00 00 00 00 00 00 00 00 00 00 


========== PACKET #99 ==========
Direction: REMOTE LOCAL
Type: 0x09 (BEACON_REQ), Nonce: 0x0f85
Length: 60 bytes

  0000: 00 12 5a 33 fa 31 00 00 31 23 45 67 88 6f 58 42 
  0010: 4f 58 01 01 03 09 0f 85 44 d6 00 00 00 00 00 00 
  0020: 00 00 00 00 00 00 00 00 00 00 00 00 00 00 00 00 
  0030: 00 00 00 00 00 00 00 00 00 00 00 00 


========== PACKET #100 ==========
Direction: REMOTE LOCAL
Type: 0x0a (BEACON_RESP), Nonce: 0x0f85
Length: 60 bytes

  0000: 00 00 31 23 45 67 00 12 5a 33 fa 31 88 6f 58 42 
  0010: 4f 58 01 01 04 0a 0f 85 d5 54 02 80 6c 00 00 00 
  0020: 00 00 00 00 00 00 00 00 00 00 00 00 00 00 00 00 
  0030: 00 00 00 00 00 00 00 00 00 00 00 00 


========== PACKET #101 ==========
Direction: REMOTE LOCAL
Type: 0x09 (BEACON_REQ), Nonce: 0x0f86
Length: 60 bytes

  0000: 00 12 5a 33 fa 31 00 00 31 23 45 67 88 6f 58 42 
  0010: 4f 58 01 01 03 09 0f 86 44 d5 00 00 00 00 00 00 
  0020: 00 00 00 00 00 00 00 00 00 00 00 00 00 00 00 00 
  0030: 00 00 00 00 00 00 00 00 00 00 00 00 


========== PACKET #102 ==========
Direction: REMOTE LOCAL
Type: 0x0a (BEACON_RESP), Nonce: 0x0f86
Length: 60 bytes

  0000: 00 00 31 23 45 67 00 12 5a 33 fa 31 88 6f 58 42 
  0010: 4f 58 01 01 04 0a 0f 86 d5 53 02 80 6c 00 00 00 
  0020: 00 00 00 00 00 00 00 00 00 00 00 00 00 00 00 00 
  0030: 00 00 00 00 00 00 00 00 00 00 00 00 


========== PACKET #103 ==========
Direction: REMOTE LOCAL
Type: 0x09 (BEACON_REQ), Nonce: 0x0f87
Length: 60 bytes

  0000: 00 12 5a 33 fa 31 00 00 31 23 45 67 88 6f 58 42 
  0010: 4f 58 01 01 03 09 0f 87 44 d4 00 00 00 00 00 00 
  0020: 00 00 00 00 00 00 00 00 00 00 00 00 00 00 00 00 
  0030: 00 00 00 00 00 00 00 00 00 00 00 00 


========== PACKET #104 ==========
Direction: REMOTE LOCAL
Type: 0x0a (BEACON_RESP), Nonce: 0x0f87
Length: 60 bytes

  0000: 00 00 31 23 45 67 00 12 5a 33 fa 31 88 6f 58 42 
  0010: 4f 58 01 01 04 0a 0f 87 d5 52 02 80 6c 00 00 00 
  0020: 00 00 00 00 00 00 00 00 00 00 00 00 00 00 00 00 
  0030: 00 00 00 00 00 00 00 00 00 00 00 00 


========== PACKET #105 ==========
Direction: REMOTE LOCAL
Type: 0x09 (BEACON_REQ), Nonce: 0x0f88
Length: 60 bytes

  0000: 00 12 5a 33 fa 31 00 00 31 23 45 67 88 6f 58 42 
  0010: 4f 58 01 01 03 09 0f 88 44 d3 00 00 00 00 00 00 
  0020: 00 00 00 00 00 00 00 00 00 00 00 00 00 00 00 00 
  0030: 00 00 00 00 00 00 00 00 00 00 00 00 


========== PACKET #106 ==========
Direction: REMOTE LOCAL
Type: 0x0a (BEACON_RESP), Nonce: 0x0f88
Length: 60 bytes

  0000: 00 00 31 23 45 67 00 12 5a 33 fa 31 88 6f 58 42 
  0010: 4f 58 01 01 04 0a 0f 88 d5 51 02 80 6c 00 00 00 
  0020: 00 00 00 00 00 00 00 00 00 00 00 00 00 00 00 00 
  0030: 00 00 00 00 00 00 00 00 00 00 00 00 


========== PACKET #107 ==========
Direction: REMOTE LOCAL
Type: 0x09 (BEACON_REQ), Nonce: 0x0f89
Length: 60 bytes

  0000: 00 12 5a 33 fa 31 00 00 31 23 45 67 88 6f 58 42 
  0010: 4f 58 01 01 03 09 0f 89 44 d2 00 00 00 00 00 00 
  0020: 00 00 00 00 00 00 00 00 00 00 00 00 00 00 00 00 
  0030: 00 00 00 00 00 00 00 00 00 00 00 00 


========== PACKET #108 ==========
Direction: REMOTE LOCAL
Type: 0x0a (BEACON_RESP), Nonce: 0x0f89
Length: 60 bytes

  0000: 00 00 31 23 45 67 00 12 5a 33 fa 31 88 6f 58 42 
  0010: 4f 58 01 01 04 0a 0f 89 d5 50 02 80 6c 00 00 00 
  0020: 00 00 00 00 00 00 00 00 00 00 00 00 00 00 00 00 
  0030: 00 00 00 00 00 00 00 00 00 00 00 00 


========== PACKET #109 ==========
Direction: REMOTE LOCAL
Type: 0x09 (BEACON_REQ), Nonce: 0x0f8a
Length: 60 bytes

  0000: 00 12 5a 33 fa 31 00 00 31 23 45 67 88 6f 58 42 
  0010: 4f 58 01 01 03 09 0f 8a 44 d1 00 00 00 00 00 00 
  0020: 00 00 00 00 00 00 00 00 00 00 00 00 00 00 00 00 
  0030: 00 00 00 00 00 00 00 00 00 00 00 00 


========== PACKET #110 ==========
Direction: REMOTE LOCAL
Type: 0x0a (BEACON_RESP), Nonce: 0x0f8a
Length: 60 bytes

  0000: 00 00 31 23 45 67 00 12 5a 33 fa 31 88 6f 58 42 
  0010: 4f 58 01 01 04 0a 0f 8a d5 4f 02 80 6c 00 00 00 
  0020: 00 00 00 00 00 00 00 00 00 00 00 00 00 00 00 00 
  0030: 00 00 00 00 00 00 00 00 00 00 00 00 


========== PACKET #111 ==========
Direction: REMOTE LOCAL
Type: 0x09 (BEACON_REQ), Nonce: 0x0f8b
Length: 60 bytes

  0000: 00 12 5a 33 fa 31 00 00 31 23 45 67 88 6f 58 42 
  0010: 4f 58 01 01 03 09 0f 8b 44 d0 00 00 00 00 00 00 
  0020: 00 00 00 00 00 00 00 00 00 00 00 00 00 00 00 00 
  0030: 00 00 00 00 00 00 00 00 00 00 00 00 


========== PACKET #112 ==========
Direction: REMOTE LOCAL
Type: 0x0a (BEACON_RESP), Nonce: 0x0f8b
Length: 60 bytes

  0000: 00 00 31 23 45 67 00 12 5a 33 fa 31 88 6f 58 42 
  0010: 4f 58 01 01 04 0a 0f 8b d6 f6 00 d8 6c 00 00 00 
  0020: 00 00 00 00 00 00 00 00 00 00 00 00 00 00 00 00 
  0030: 00 00 00 00 00 00 00 00 00 00 00 00 


========== PACKET #113 ==========
Direction: REMOTE LOCAL
Type: 0x09 (BEACON_REQ), Nonce: 0x0f8c
Length: 60 bytes

  0000: 00 12 5a 33 fa 31 00 00 31 23 45 67 88 6f 58 42 
  0010: 4f 58 01 01 03 09 0f 8c 44 cf 00 00 00 00 00 00 
  0020: 00 00 00 00 00 00 00 00 00 00 00 00 00 00 00 00 
  0030: 00 00 00 00 00 00 00 00 00 00 00 00 


========== PACKET #114 ==========
Direction: REMOTE LOCAL
Type: 0x0a (BEACON_RESP), Nonce: 0x0f8c
Length: 60 bytes

  0000: 00 00 31 23 45 67 00 12 5a 33 fa 31 88 6f 58 42 
  0010: 4f 58 01 01 04 0a 0f 8c d5 4d 02 80 6c 00 00 00 
  0020: 00 00 00 00 00 00 00 00 00 00 00 00 00 00 00 00 
  0030: 00 00 00 00 00 00 00 00 00 00 00 00 


========== PACKET #115 ==========
Direction: REMOTE LOCAL
Type: 0x09 (BEACON_REQ), Nonce: 0x0f8d
Length: 60 bytes

  0000: 00 12 5a 33 fa 31 00 00 31 23 45 67 88 6f 58 42 
  0010: 4f 58 01 01 03 09 0f 8d 44 ce 00 00 00 00 00 00 
  0020: 00 00 00 00 00 00 00 00 00 00 00 00 00 00 00 00 
  0030: 00 00 00 00 00 00 00 00 00 00 00 00 


========== PACKET #116 ==========
Direction: REMOTE LOCAL
Type: 0x0a (BEACON_RESP), Nonce: 0x0f8d
Length: 60 bytes

  0000: 00 00 31 23 45 67 00 12 5a 33 fa 31 88 6f 58 42 
  0010: 4f 58 01 01 04 0a 0f 8d d5 4c 02 80 6c 00 00 00 
  0020: 00 00 00 00 00 00 00 00 00 00 00 00 00 00 00 00 
  0030: 00 00 00 00 00 00 00 00 00 00 00 00 


========== PACKET #117 ==========
Direction: REMOTE LOCAL
Type: 0x09 (BEACON_REQ), Nonce: 0x0f8e
Length: 60 bytes

  0000: 00 12 5a 33 fa 31 00 00 31 23 45 67 88 6f 58 42 
  0010: 4f 58 01 01 03 09 0f 8e 44 cd 00 00 00 00 00 00 
  0020: 00 00 00 00 00 00 00 00 00 00 00 00 00 00 00 00 
  0030: 00 00 00 00 00 00 00 00 00 00 00 00 


========== PACKET #118 ==========
Direction: REMOTE LOCAL
Type: 0x0a (BEACON_RESP), Nonce: 0x0f8e
Length: 60 bytes

  0000: 00 00 31 23 45 67 00 12 5a 33 fa 31 88 6f 58 42 
  0010: 4f 58 01 01 04 0a 0f 8e d5 4b 02 80 6c 00 00 00 
  0020: 00 00 00 00 00 00 00 00 00 00 00 00 00 00 00 00 
  0030: 00 00 00 00 00 00 00 00 00 00 00 00 


========== PACKET #119 ==========
Direction: REMOTE LOCAL
Type: 0x05 (ADAPTER_INFO_REQ), Nonce: 0x0f8f
Length: 60 bytes

  0000: 00 12 5a 33 fa 31 00 00 31 23 45 67 88 6f 58 42 
  0010: 4f 58 01 01 08 05 0f 8f 06 95 09 01 04 02 01 04 
  0020: 01 05 01 06 06 07 20 08 01 09 01 11 01 00 00 00 
  0030: 00 00 00 00 00 00 00 00 00 00 00 00 


========== PACKET #120 ==========
Direction: REMOTE LOCAL
Type: 0x06 (ADAPTER_INFO_RESP), Nonce: 0x0f8f
Length: 66 bytes

  0000: 00 00 31 23 45 67 00 12 5a 33 fa 31 88 6f 58 42 
  0010: 4f 58 01 01 0d 06 0f 8f d4 9f 00 09 01 04 c0 a8 
  0020: 01 96 02 01 00 04 01 01 05 01 0b 06 06 c4 4b d1 
  0030: 00 47 4e 07 04 6f 70 65 6e 08 01 02 09 01 01 11 
  0040: 01 02 


========== PACKET #121 ==========
Direction: REMOTE LOCAL
Type: 0x09 (BEACON_REQ), Nonce: 0x0f90
Length: 60 bytes

  0000: 00 12 5a 33 fa 31 00 00 31 23 45 67 88 6f 58 42 
  0010: 4f 58 01 01 03 09 0f 90 44 cb 00 00 00 00 00 00 
  0020: 00 00 00 00 00 00 00 00 00 00 00 00 00 00 00 00 
  0030: 00 00 00 00 00 00 00 00 00 00 00 00 


========== PACKET #122 ==========
Direction: REMOTE LOCAL
Type: 0x0a (BEACON_RESP), Nonce: 0x0f90
Length: 60 bytes

  0000: 00 00 31 23 45 67 00 12 5a 33 fa 31 88 6f 58 42 
  0010: 4f 58 01 01 04 0a 0f 90 d6 eb 00 de 6c 00 00 00 
  0020: 00 00 00 00 00 00 00 00 00 00 00 00 00 00 00 00 
  0030: 00 00 00 00 00 00 00 00 00 00 00 00 


========== PACKET #123 ==========
Direction: REMOTE LOCAL
Type: 0x09 (BEACON_REQ), Nonce: 0x0f91
Length: 60 bytes

  0000: 00 12 5a 33 fa 31 00 00 31 23 45 67 88 6f 58 42 
  0010: 4f 58 01 01 03 09 0f 91 44 ca 00 00 00 00 00 00 
  0020: 00 00 00 00 00 00 00 00 00 00 00 00 00 00 00 00 
  0030: 00 00 00 00 00 00 00 00 00 00 00 00 


========== PACKET #124 ==========
Direction: REMOTE LOCAL
Type: 0x0a (BEACON_RESP), Nonce: 0x0f91
Length: 60 bytes

  0000: 00 00 31 23 45 67 00 12 5a 33 fa 31 88 6f 58 42 
  0010: 4f 58 01 01 04 0a 0f 91 d6 ea 00 de 6c 00 00 00 
  0020: 00 00 00 00 00 00 00 00 00 00 00 00 00 00 00 00 
  0030: 00 00 00 00 00 00 00 00 00 00 00 00 


========== PACKET #125 ==========
Direction: REMOTE LOCAL
Type: 0x05 (ADAPTER_INFO_REQ), Nonce: 0x0f92
Length: 60 bytes

  0000: 00 12 5a 33 fa 31 00 00 31 23 45 67 88 6f 58 42 
  0010: 4f 58 01 01 08 05 0f 92 06 92 09 01 04 02 01 04 
  0020: 01 05 01 06 06 07 20 08 01 09 01 11 01 00 00 00 
  0030: 00 00 00 00 00 00 00 00 00 00 00 00 


========== PACKET #126 ==========
Direction: REMOTE LOCAL
Type: 0x06 (ADAPTER_INFO_RESP), Nonce: 0x0f92
Length: 66 bytes

  0000: 00 00 31 23 45 67 00 12 5a 33 fa 31 88 6f 58 42 
  0010: 4f 58 01 01 0d 06 0f 92 d4 9c 00 09 01 04 c0 a8 
  0020: 01 96 02 01 00 04 01 01 05 01 0b 06 06 c4 4b d1 
  0030: 00 47 4e 07 04 6f 70 65 6e 08 01 02 09 01 01 11 
  0040: 01 02 


========== PACKET #127 ==========
Direction: REMOTE LOCAL
Type: 0x09 (BEACON_REQ), Nonce: 0x0f93
Length: 60 bytes

  0000: 00 12 5a 33 fa 31 00 00 31 23 45 67 88 6f 58 42 
  0010: 4f 58 01 01 03 09 0f 93 44 c8 00 00 00 00 00 00 
  0020: 00 00 00 00 00 00 00 00 00 00 00 00 00 00 00 00 
  0030: 00 00 00 00 00 00 00 00 00 00 00 00 

