Xbox Wireless Protocol Capture
Started: Wed Mar  4 11:15:55 2026
========================================


========== PACKET #1 ==========
Direction: REMOTE LOCAL
Type: 0x09 (BEACON_REQ), Nonce: 0xdd89
Length: 60 bytes

  0000: 00 12 5a 33 fa 31 00 00 31 23 45 67 88 6f 58 42 
  0010: 4f 58 01 01 03 09 dd 89 76 d1 00 00 00 00 00 00 
  0020: 00 00 00 00 00 00 00 00 00 00 00 00 00 00 00 00 
  0030: 00 00 00 00 00 00 00 00 00 00 00 00 


========== PACKET #2 ==========
Direction: REMOTE LOCAL
Type: 0x0a (BEACON_RESP), Nonce: 0xdd89
Length: 60 bytes

  0000: 00 00 31 23 45 67 00 12 5a 33 fa 31 88 6f 58 42 
  0010: 4f 58 01 01 04 0a dd 89 07 50 02 80 6c 00 00 00 
  0020: 00 00 00 00 00 00 00 00 00 00 00 00 00 00 00 00 
  0030: 00 00 00 00 00 00 00 00 00 00 00 00 


========== PACKET #3 ==========
Direction: REMOTE LOCAL
Type: 0x09 (BEACON_REQ), Nonce: 0xdd8a
Length: 60 bytes

  0000: 00 12 5a 33 fa 31 00 00 31 23 45 67 88 6f 58 42 
  0010: 4f 58 01 01 03 09 dd 8a 76 d0 00 00 00 00 00 00 
  0020: 00 00 00 00 00 00 00 00 00 00 00 00 00 00 00 00 
  0030: 00 00 00 00 00 00 00 00 00 00 00 00 


========== PACKET #4 ==========
Direction: REMOTE LOCAL
Type: 0x0a (BEACON_RESP), Nonce: 0xdd8a
Length: 60 bytes

  0000: 00 00 31 23 45 67 00 12 5a 33 fa 31 88 6f 58 42 
  0010: 4f 58 01 01 04 0a dd 8a 07 4f 02 80 6c 00 00 00 
  0020: 00 00 00 00 00 00 00 00 00 00 00 00 00 00 00 00 
  0030: 00 00 00 00 00 00 00 00 00 00 00 00 


========== PACKET #5 ==========
Direction: REMOTE LOCAL
Type: 0x09 (BEACON_REQ), Nonce: 0xdd8b
Length: 60 bytes

  0000: 00 12 5a 33 fa 31 00 00 31 23 45 67 88 6f 58 42 
  0010: 4f 58 01 01 03 09 dd 8b 76 cf 00 00 00 00 00 00 
  0020: 00 00 00 00 00 00 00 00 00 00 00 00 00 00 00 00 
  0030: 00 00 00 00 00 00 00 00 00 00 00 00 


========== PACKET #6 ==========
Direction: REMOTE LOCAL
Type: 0x0a (BEACON_RESP), Nonce: 0xdd8b
Length: 60 bytes

  0000: 00 00 31 23 45 67 00 12 5a 33 fa 31 88 6f 58 42 
  0010: 4f 58 01 01 04 0a dd 8b 07 4e 02 80 6c 00 00 00 
  0020: 00 00 00 00 00 00 00 00 00 00 00 00 00 00 00 00 
  0030: 00 00 00 00 00 00 00 00 00 00 00 00 


========== PACKET #7 ==========
Direction: REMOTE LOCAL
Type: 0x05 (ADAPTER_INFO_REQ), Nonce: 0xdd8c
Length: 60 bytes

  0000: 00 12 5a 33 fa 31 00 00 31 23 45 67 88 6f 58 42 
  0010: 4f 58 01 01 08 05 dd 8c 38 97 09 01 04 02 01 04 
  0020: 01 05 01 06 06 07 20 08 01 09 01 11 01 00 00 00 
  0030: 00 00 00 00 00 00 00 00 00 00 00 00 


========== PACKET #8 ==========
Direction: REMOTE LOCAL
Type: 0x06 (ADAPTER_INFO_RESP), Nonce: 0xdd8c
Length: 66 bytes

  0000: 00 00 31 23 45 67 00 12 5a 33 fa 31 88 6f 58 42 
  0010: 4f 58 01 01 0d 06 dd 8c 06 a2 00 09 01 04 c0 a8 
  0020: 01 96 02 01 00 04 01 01 05 01 0b 06 06 c4 4b d1 
  0030: 00 47 4e 07 04 6f 70 65 6e 08 01 02 09 01 01 11 
  0040: 01 02 


========== PACKET #9 ==========
Direction: REMOTE LOCAL
Type: 0x09 (BEACON_REQ), Nonce: 0xdd8d
Length: 60 bytes

  0000: 00 12 5a 33 fa 31 00 00 31 23 45 67 88 6f 58 42 
  0010: 4f 58 01 01 03 09 dd 8d 76 cd 00 00 00 00 00 00 
  0020: 00 00 00 00 00 00 00 00 00 00 00 00 00 00 00 00 
  0030: 00 00 00 00 00 00 00 00 00 00 00 00 


========== PACKET #10 ==========
Direction: REMOTE LOCAL
Type: 0x0a (BEACON_RESP), Nonce: 0xdd8d
Length: 60 bytes

  0000: 00 00 31 23 45 67 00 12 5a 33 fa 31 88 6f 58 42 
  0010: 4f 58 01 01 04 0a dd 8d 07 4c 02 80 6c 00 00 00 
  0020: 00 00 00 00 00 00 00 00 00 00 00 00 00 00 00 00 
  0030: 00 00 00 00 00 00 00 00 00 00 00 00 


========== PACKET #11 ==========
Direction: REMOTE LOCAL
Type: 0x09 (BEACON_REQ), Nonce: 0xdd8e
Length: 60 bytes

  0000: 00 12 5a 33 fa 31 00 00 31 23 45 67 88 6f 58 42 
  0010: 4f 58 01 01 03 09 dd 8e 76 cc 00 00 00 00 00 00 
  0020: 00 00 00 00 00 00 00 00 00 00 00 00 00 00 00 00 
  0030: 00 00 00 00 00 00 00 00 00 00 00 00 


========== PACKET #12 ==========
Direction: REMOTE LOCAL
Type: 0x0a (BEACON_RESP), Nonce: 0xdd8e
Length: 60 bytes

  0000: 00 00 31 23 45 67 00 12 5a 33 fa 31 88 6f 58 42 
  0010: 4f 58 01 01 04 0a dd 8e 07 4b 02 80 6c 00 00 00 
  0020: 00 00 00 00 00 00 00 00 00 00 00 00 00 00 00 00 
  0030: 00 00 00 00 00 00 00 00 00 00 00 00 


========== PACKET #13 ==========
Direction: REMOTE LOCAL
Type: 0x09 (BEACON_REQ), Nonce: 0xdd8f
Length: 60 bytes

  0000: 00 12 5a 33 fa 31 00 00 31 23 45 67 88 6f 58 42 
  0010: 4f 58 01 01 03 09 dd 8f 76 cb 00 00 00 00 00 00 
  0020: 00 00 00 00 00 00 00 00 00 00 00 00 00 00 00 00 
  0030: 00 00 00 00 00 00 00 00 00 00 00 00 


========== PACKET #14 ==========
Direction: REMOTE LOCAL
Type: 0x0a (BEACON_RESP), Nonce: 0xdd8f
Length: 60 bytes

  0000: 00 00 31 23 45 67 00 12 5a 33 fa 31 88 6f 58 42 
  0010: 4f 58 01 01 04 0a dd 8f 07 4a 02 80 6c 00 00 00 
  0020: 00 00 00 00 00 00 00 00 00 00 00 00 00 00 00 00 
  0030: 00 00 00 00 00 00 00 00 00 00 00 00 


========== PACKET #15 ==========
Direction: REMOTE LOCAL
Type: 0x05 (ADAPTER_INFO_REQ), Nonce: 0xdd90
Length: 60 bytes

  0000: 00 12 5a 33 fa 31 00 00 31 23 45 67 88 6f 58 42 
  0010: 4f 58 01 01 08 05 dd 90 38 93 09 01 04 02 01 04 
  0020: 01 05 01 06 06 07 20 08 01 09 01 11 01 00 00 00 
  0030: 00 00 00 00 00 00 00 00 00 00 00 00 


========== PACKET #16 ==========
Direction: REMOTE LOCAL
Type: 0x06 (ADAPTER_INFO_RESP), Nonce: 0xdd90
Length: 66 bytes

  0000: 00 00 31 23 45 67 00 12 5a 33 fa 31 88 6f 58 42 
  0010: 4f 58 01 01 0d 06 dd 90 06 9e 00 09 01 04 c0 a8 
  0020: 01 96 02 01 00 04 01 01 05 01 0b 06 06 c4 4b d1 
  0030: 00 47 4e 07 04 6f 70 65 6e 08 01 02 09 01 01 11 
  0040: 01 02 


========== PACKET #17 ==========
Direction: REMOTE LOCAL
Type: 0x09 (BEACON_REQ), Nonce: 0xdd91
Length: 60 bytes

  0000: 00 12 5a 33 fa 31 00 00 31 23 45 67 88 6f 58 42 
  0010: 4f 58 01 01 03 09 dd 91 76 c9 00 00 00 00 00 00 
  0020: 00 00 00 00 00 00 00 00 00 00 00 00 00 00 00 00 
  0030: 00 00 00 00 00 00 00 00 00 00 00 00 


========== PACKET #18 ==========
Direction: REMOTE LOCAL
Type: 0x0a (BEACON_RESP), Nonce: 0xdd91
Length: 60 bytes

  0000: 00 00 31 23 45 67 00 12 5a 33 fa 31 88 6f 58 42 
  0010: 4f 58 01 01 04 0a dd 91 08 f2 00 d6 6c 00 00 00 
  0020: 00 00 00 00 00 00 00 00 00 00 00 00 00 00 00 00 
  0030: 00 00 00 00 00 00 00 00 00 00 00 00 


========== PACKET #19 ==========
Direction: REMOTE LOCAL
Type: 0x09 (BEACON_REQ), Nonce: 0xdd92
Length: 60 bytes

  0000: 00 12 5a 33 fa 31 00 00 31 23 45 67 88 6f 58 42 
  0010: 4f 58 01 01 03 09 dd 92 76 c8 00 00 00 00 00 00 
  0020: 00 00 00 00 00 00 00 00 00 00 00 00 00 00 00 00 
  0030: 00 00 00 00 00 00 00 00 00 00 00 00 


========== PACKET #20 ==========
Direction: REMOTE LOCAL
Type: 0x05 (ADAPTER_INFO_REQ), Nonce: 0xdd93
Length: 60 bytes

  0000: 00 12 5a 33 fa 31 00 00 31 23 45 67 88 6f 58 42 
  0010: 4f 58 01 01 08 05 dd 93 38 90 09 01 04 02 01 04 
  0020: 01 05 01 06 06 07 20 08 01 09 01 11 01 00 00 00 
  0030: 00 00 00 00 00 00 00 00 00 00 00 00 


========== PACKET #21 ==========
Direction: REMOTE LOCAL
Type: 0x0a (BEACON_RESP), Nonce: 0xdd92
Length: 60 bytes

  0000: 00 00 31 23 45 67 00 12 5a 33 fa 31 88 6f 58 42 
  0010: 4f 58 01 01 04 0a dd 92 07 47 02 80 6c 00 00 00 
  0020: 00 00 00 00 00 00 00 00 00 00 00 00 00 00 00 00 
  0030: 00 00 00 00 00 00 00 00 00 00 00 00 


========== PACKET #22 ==========
Direction: REMOTE LOCAL
Type: 0x06 (ADAPTER_INFO_RESP), Nonce: 0xdd93
Length: 66 bytes

  0000: 00 00 31 23 45 67 00 12 5a 33 fa 31 88 6f 58 42 
  0010: 4f 58 01 01 0d 06 dd 93 06 9b 00 09 01 04 c0 a8 
  0020: 01 96 02 01 00 04 01 01 05 01 0b 06 06 c4 4b d1 
  0030: 00 47 4e 07 04 6f 70 65 6e 08 01 02 09 01 01 11 
  0040: 01 02 


========== PACKET #23 ==========
Direction: REMOTE LOCAL
Type: 0x09 (BEACON_REQ), Nonce: 0xdd94
Length: 60 bytes

  0000: 00 12 5a 33 fa 31 00 00 31 23 45 67 88 6f 58 42 
  0010: 4f 58 01 01 03 09 dd 94 76 c6 00 00 00 00 00 00 
  0020: 00 00 00 00 00 00 00 00 00 00 00 00 00 00 00 00 
  0030: 00 00 00 00 00 00 00 00 00 00 00 00 


========== PACKET #24 ==========
Direction: REMOTE LOCAL
Type: 0x0a (BEACON_RESP), Nonce: 0xdd94
Length: 60 bytes

  0000: 00 00 31 23 45 67 00 12 5a 33 fa 31 88 6f 58 42 
  0010: 4f 58 01 01 04 0a dd 94 07 45 02 80 6c 00 00 00 
  0020: 00 00 00 00 00 00 00 00 00 00 00 00 00 00 00 00 
  0030: 00 00 00 00 00 00 00 00 00 00 00 00 


========== PACKET #25 ==========
Direction: REMOTE LOCAL
Type: 0x09 (BEACON_REQ), Nonce: 0xdd95
Length: 60 bytes

  0000: 00 12 5a 33 fa 31 00 00 31 23 45 67 88 6f 58 42 
  0010: 4f 58 01 01 03 09 dd 95 76 c5 00 00 00 00 00 00 
  0020: 00 00 00 00 00 00 00 00 00 00 00 00 00 00 00 00 
  0030: 00 00 00 00 00 00 00 00 00 00 00 00 


========== PACKET #26 ==========
Direction: REMOTE LOCAL
Type: 0x0a (BEACON_RESP), Nonce: 0xdd95
Length: 60 bytes

  0000: 00 00 31 23 45 67 00 12 5a 33 fa 31 88 6f 58 42 
  0010: 4f 58 01 01 04 0a dd 95 07 44 02 80 6c 00 00 00 
  0020: 00 00 00 00 00 00 00 00 00 00 00 00 00 00 00 00 
  0030: 00 00 00 00 00 00 00 00 00 00 00 00 


========== PACKET #27 ==========
Direction: REMOTE LOCAL
Type: 0x05 (ADAPTER_INFO_REQ), Nonce: 0xdd96
Length: 60 bytes

  0000: 00 12 5a 33 fa 31 00 00 31 23 45 67 88 6f 58 42 
  0010: 4f 58 01 01 08 05 dd 96 38 8d 09 01 04 02 01 04 
  0020: 01 05 01 06 06 07 20 08 01 09 01 11 01 00 00 00 
  0030: 00 00 00 00 00 00 00 00 00 00 00 00 


========== PACKET #28 ==========
Direction: REMOTE LOCAL
Type: 0x06 (ADAPTER_INFO_RESP), Nonce: 0xdd96
Length: 66 bytes

  0000: 00 00 31 23 45 67 00 12 5a 33 fa 31 88 6f 58 42 
  0010: 4f 58 01 01 0d 06 dd 96 06 98 00 09 01 04 c0 a8 
  0020: 01 96 02 01 00 04 01 01 05 01 0b 06 06 c4 4b d1 
  0030: 00 47 4e 07 04 6f 70 65 6e 08 01 02 09 01 01 11 
  0040: 01 02 


========== PACKET #29 ==========
Direction: REMOTE LOCAL
Type: 0x09 (BEACON_REQ), Nonce: 0xdd97
Length: 60 bytes

  0000: 00 12 5a 33 fa 31 00 00 31 23 45 67 88 6f 58 42 
  0010: 4f 58 01 01 03 09 dd 97 76 c3 00 00 00 00 00 00 
  0020: 00 00 00 00 00 00 00 00 00 00 00 00 00 00 00 00 
  0030: 00 00 00 00 00 00 00 00 00 00 00 00 


========== PACKET #30 ==========
Direction: REMOTE LOCAL
Type: 0x0a (BEACON_RESP), Nonce: 0xdd97
Length: 60 bytes

  0000: 00 00 31 23 45 67 00 12 5a 33 fa 31 88 6f 58 42 
  0010: 4f 58 01 01 04 0a dd 97 07 42 02 80 6c 00 00 00 
  0020: 00 00 00 00 00 00 00 00 00 00 00 00 00 00 00 00 
  0030: 00 00 00 00 00 00 00 00 00 00 00 00 


========== PACKET #31 ==========
Direction: REMOTE LOCAL
Type: 0x09 (BEACON_REQ), Nonce: 0xdd98
Length: 60 bytes

  0000: 00 12 5a 33 fa 31 00 00 31 23 45 67 88 6f 58 42 
  0010: 4f 58 01 01 03 09 dd 98 76 c2 00 00 00 00 00 00 
  0020: 00 00 00 00 00 00 00 00 00 00 00 00 00 00 00 00 
  0030: 00 00 00 00 00 00 00 00 00 00 00 00 


========== PACKET #32 ==========
Direction: REMOTE LOCAL
Type: 0x0a (BEACON_RESP), Nonce: 0xdd98
Length: 60 bytes

  0000: 00 00 31 23 45 67 00 12 5a 33 fa 31 88 6f 58 42 
  0010: 4f 58 01 01 04 0a dd 98 07 41 02 80 6c 00 00 00 
  0020: 00 00 00 00 00 00 00 00 00 00 00 00 00 00 00 00 
  0030: 00 00 00 00 00 00 00 00 00 00 00 00 


========== PACKET #33 ==========
Direction: REMOTE LOCAL
Type: 0x05 (ADAPTER_INFO_REQ), Nonce: 0xdd99
Length: 60 bytes

  0000: 00 12 5a 33 fa 31 00 00 31 23 45 67 88 6f 58 42 
  0010: 4f 58 01 01 08 05 dd 99 38 8a 09 01 04 02 01 04 
  0020: 01 05 01 06 06 07 20 08 01 09 01 11 01 00 00 00 
  0030: 00 00 00 00 00 00 00 00 00 00 00 00 


========== PACKET #34 ==========
Direction: REMOTE LOCAL
Type: 0x06 (ADAPTER_INFO_RESP), Nonce: 0xdd99
Length: 66 bytes

  0000: 00 00 31 23 45 67 00 12 5a 33 fa 31 88 6f 58 42 
  0010: 4f 58 01 01 0d 06 dd 99 06 95 00 09 01 04 c0 a8 
  0020: 01 96 02 01 00 04 01 01 05 01 0b 06 06 c4 4b d1 
  0030: 00 47 4e 07 04 6f 70 65 6e 08 01 02 09 01 01 11 
  0040: 01 02 


========== PACKET #35 ==========
Direction: REMOTE LOCAL
Type: 0x09 (BEACON_REQ), Nonce: 0xdd9a
Length: 60 bytes

  0000: 00 12 5a 33 fa 31 00 00 31 23 45 67 88 6f 58 42 
  0010: 4f 58 01 01 03 09 dd 9a 76 c0 00 00 00 00 00 00 
  0020: 00 00 00 00 00 00 00 00 00 00 00 00 00 00 00 00 
  0030: 00 00 00 00 00 00 00 00 00 00 00 00 


========== PACKET #36 ==========
Direction: REMOTE LOCAL
Type: 0x0a (BEACON_RESP), Nonce: 0xdd9a
Length: 60 bytes

  0000: 00 00 31 23 45 67 00 12 5a 33 fa 31 88 6f 58 42 
  0010: 4f 58 01 01 04 0a dd 9a 08 e8 00 d7 6c 00 00 00 
  0020: 00 00 00 00 00 00 00 00 00 00 00 00 00 00 00 00 
  0030: 00 00 00 00 00 00 00 00 00 00 00 00 


========== PACKET #37 ==========
Direction: REMOTE LOCAL
Type: 0x09 (BEACON_REQ), Nonce: 0xdd9b
Length: 60 bytes

  0000: 00 12 5a 33 fa 31 00 00 31 23 45 67 88 6f 58 42 
  0010: 4f 58 01 01 03 09 dd 9b 76 bf 00 00 00 00 00 00 
  0020: 00 00 00 00 00 00 00 00 00 00 00 00 00 00 00 00 
  0030: 00 00 00 00 00 00 00 00 00 00 00 00 


========== PACKET #38 ==========
Direction: REMOTE LOCAL
Type: 0x0a (BEACON_RESP), Nonce: 0xdd9b
Length: 60 bytes

  0000: 00 00 31 23 45 67 00 12 5a 33 fa 31 88 6f 58 42 
  0010: 4f 58 01 01 04 0a dd 9b 08 e6 00 d8 6c 00 00 00 
  0020: 00 00 00 00 00 00 00 00 00 00 00 00 00 00 00 00 
  0030: 00 00 00 00 00 00 00 00 00 00 00 00 


========== PACKET #39 ==========
Direction: REMOTE LOCAL
Type: 0x05 (ADAPTER_INFO_REQ), Nonce: 0xdd9c
Length: 60 bytes

  0000: 00 12 5a 33 fa 31 00 00 31 23 45 67 88 6f 58 42 
  0010: 4f 58 01 01 08 05 dd 9c 38 87 09 01 04 02 01 04 
  0020: 01 05 01 06 06 07 20 08 01 09 01 11 01 00 00 00 
  0030: 00 00 00 00 00 00 00 00 00 00 00 00 


========== PACKET #40 ==========
Direction: REMOTE LOCAL
Type: 0x06 (ADAPTER_INFO_RESP), Nonce: 0xdd9c
Length: 66 bytes

  0000: 00 00 31 23 45 67 00 12 5a 33 fa 31 88 6f 58 42 
  0010: 4f 58 01 01 0d 06 dd 9c 0e 92 00 09 01 04 c0 a8 
  0020: 01 96 02 01 00 04 01 01 05 01 03 06 06 c4 4b d1 
  0030: 00 47 4e 07 04 6f 70 65 6e 08 01 02 09 01 01 11 
  0040: 01 02 


========== PACKET #41 ==========
Direction: REMOTE LOCAL
Type: 0x09 (BEACON_REQ), Nonce: 0xdd9d
Length: 60 bytes

  0000: 00 12 5a 33 fa 31 00 00 31 23 45 67 88 6f 58 42 
  0010: 4f 58 01 01 03 09 dd 9d 76 bd 00 00 00 00 00 00 
  0020: 00 00 00 00 00 00 00 00 00 00 00 00 00 00 00 00 
  0030: 00 00 00 00 00 00 00 00 00 00 00 00 


========== PACKET #42 ==========
Direction: REMOTE LOCAL
Type: 0x0a (BEACON_RESP), Nonce: 0xdd9d
Length: 60 bytes

  0000: 00 00 31 23 45 67 00 12 5a 33 fa 31 88 6f 58 42 
  0010: 4f 58 01 01 04 0a dd 9d 07 3c 02 80 6c 00 00 00 
  0020: 00 00 00 00 00 00 00 00 00 00 00 00 00 00 00 00 
  0030: 00 00 00 00 00 00 00 00 00 00 00 00 


========== PACKET #43 ==========
Direction: REMOTE LOCAL
Type: 0x09 (BEACON_REQ), Nonce: 0xdd9e
Length: 60 bytes

  0000: 00 12 5a 33 fa 31 00 00 31 23 45 67 88 6f 58 42 
  0010: 4f 58 01 01 03 09 dd 9e 76 bc 00 00 00 00 00 00 
  0020: 00 00 00 00 00 00 00 00 00 00 00 00 00 00 00 00 
  0030: 00 00 00 00 00 00 00 00 00 00 00 00 


========== PACKET #44 ==========
Direction: REMOTE LOCAL
Type: 0x0a (BEACON_RESP), Nonce: 0xdd9e
Length: 60 bytes

  0000: 00 00 31 23 45 67 00 12 5a 33 fa 31 88 6f 58 42 
  0010: 4f 58 01 01 04 0a dd 9e 07 3b 02 80 6c 00 00 00 
  0020: 00 00 00 00 00 00 00 00 00 00 00 00 00 00 00 00 
  0030: 00 00 00 00 00 00 00 00 00 00 00 00 


========== PACKET #45 ==========
Direction: REMOTE LOCAL
Type: 0x09 (BEACON_REQ), Nonce: 0xdd9f
Length: 60 bytes

  0000: 00 12 5a 33 fa 31 00 00 31 23 45 67 88 6f 58 42 
  0010: 4f 58 01 01 03 09 dd 9f 76 bb 00 00 00 00 00 00 
  0020: 00 00 00 00 00 00 00 00 00 00 00 00 00 00 00 00 
  0030: 00 00 00 00 00 00 00 00 00 00 00 00 


========== PACKET #46 ==========
Direction: REMOTE LOCAL
Type: 0x0a (BEACON_RESP), Nonce: 0xdd9f
Length: 60 bytes

  0000: 00 00 31 23 45 67 00 12 5a 33 fa 31 88 6f 58 42 
  0010: 4f 58 01 01 04 0a dd 9f 07 3a 02 80 6c 00 00 00 
  0020: 00 00 00 00 00 00 00 00 00 00 00 00 00 00 00 00 
  0030: 00 00 00 00 00 00 00 00 00 00 00 00 


========== PACKET #47 ==========
Direction: REMOTE LOCAL
Type: 0x09 (BEACON_REQ), Nonce: 0xdda0
Length: 60 bytes

  0000: 00 12 5a 33 fa 31 00 00 31 23 45 67 88 6f 58 42 
  0010: 4f 58 01 01 03 09 dd a0 76 ba 00 00 00 00 00 00 
  0020: 00 00 00 00 00 00 00 00 00 00 00 00 00 00 00 00 
  0030: 00 00 00 00 00 00 00 00 00 00 00 00 


========== PACKET #48 ==========
Direction: REMOTE LOCAL
Type: 0x0a (BEACON_RESP), Nonce: 0xdda0
Length: 60 bytes

  0000: 00 00 31 23 45 67 00 12 5a 33 fa 31 88 6f 58 42 
  0010: 4f 58 01 01 04 0a dd a0 07 39 02 80 6c 00 00 00 
  0020: 00 00 00 00 00 00 00 00 00 00 00 00 00 00 00 00 
  0030: 00 00 00 00 00 00 00 00 00 00 00 00 


========== PACKET #49 ==========
Direction: REMOTE LOCAL
Type: 0x09 (BEACON_REQ), Nonce: 0xdda1
Length: 60 bytes

  0000: 00 12 5a 33 fa 31 00 00 31 23 45 67 88 6f 58 42 
  0010: 4f 58 01 01 03 09 dd a1 76 b9 00 00 00 00 00 00 
  0020: 00 00 00 00 00 00 00 00 00 00 00 00 00 00 00 00 
  0030: 00 00 00 00 00 00 00 00 00 00 00 00 


========== PACKET #50 ==========
Direction: REMOTE LOCAL
Type: 0x0a (BEACON_RESP), Nonce: 0xdda1
Length: 60 bytes

  0000: 00 00 31 23 45 67 00 12 5a 33 fa 31 88 6f 58 42 
  0010: 4f 58 01 01 04 0a dd a1 07 38 02 80 6c 00 00 00 
  0020: 00 00 00 00 00 00 00 00 00 00 00 00 00 00 00 00 
  0030: 00 00 00 00 00 00 00 00 00 00 00 00 


========== PACKET #51 ==========
Direction: REMOTE LOCAL
Type: 0x09 (BEACON_REQ), Nonce: 0xdda2
Length: 60 bytes

  0000: 00 12 5a 33 fa 31 00 00 31 23 45 67 88 6f 58 42 
  0010: 4f 58 01 01 03 09 dd a2 76 b8 00 00 00 00 00 00 
  0020: 00 00 00 00 00 00 00 00 00 00 00 00 00 00 00 00 
  0030: 00 00 00 00 00 00 00 00 00 00 00 00 


========== PACKET #52 ==========
Direction: REMOTE LOCAL
Type: 0x0a (BEACON_RESP), Nonce: 0xdda2
Length: 60 bytes

  0000: 00 00 31 23 45 67 00 12 5a 33 fa 31 88 6f 58 42 
  0010: 4f 58 01 01 04 0a dd a2 07 37 02 80 6c 00 00 00 
  0020: 00 00 00 00 00 00 00 00 00 00 00 00 00 00 00 00 
  0030: 00 00 00 00 00 00 00 00 00 00 00 00 


========== PACKET #53 ==========
Direction: REMOTE LOCAL
Type: 0x09 (BEACON_REQ), Nonce: 0xdda3
Length: 60 bytes

  0000: 00 12 5a 33 fa 31 00 00 31 23 45 67 88 6f 58 42 
  0010: 4f 58 01 01 03 09 dd a3 76 b7 00 00 00 00 00 00 
  0020: 00 00 00 00 00 00 00 00 00 00 00 00 00 00 00 00 
  0030: 00 00 00 00 00 00 00 00 00 00 00 00 


========== PACKET #54 ==========
Direction: REMOTE LOCAL
Type: 0x0a (BEACON_RESP), Nonce: 0xdda3
Length: 60 bytes

  0000: 00 00 31 23 45 67 00 12 5a 33 fa 31 88 6f 58 42 
  0010: 4f 58 01 01 04 0a dd a3 07 36 02 80 6c 00 00 00 
  0020: 00 00 00 00 00 00 00 00 00 00 00 00 00 00 00 00 
  0030: 00 00 00 00 00 00 00 00 00 00 00 00 


========== PACKET #55 ==========
Direction: REMOTE LOCAL
Type: 0x09 (BEACON_REQ), Nonce: 0xdda4
Length: 60 bytes

  0000: 00 12 5a 33 fa 31 00 00 31 23 45 67 88 6f 58 42 
  0010: 4f 58 01 01 03 09 dd a4 76 b6 00 00 00 00 00 00 
  0020: 00 00 00 00 00 00 00 00 00 00 00 00 00 00 00 00 
  0030: 00 00 00 00 00 00 00 00 00 00 00 00 


========== PACKET #56 ==========
Direction: REMOTE LOCAL
Type: 0x0a (BEACON_RESP), Nonce: 0xdda4
Length: 60 bytes

  0000: 00 00 31 23 45 67 00 12 5a 33 fa 31 88 6f 58 42 
  0010: 4f 58 01 01 04 0a dd a4 07 35 02 80 6c 00 00 00 
  0020: 00 00 00 00 00 00 00 00 00 00 00 00 00 00 00 00 
  0030: 00 00 00 00 00 00 00 00 00 00 00 00 


========== PACKET #57 ==========
Direction: REMOTE LOCAL
Type: 0x09 (BEACON_REQ), Nonce: 0xdda5
Length: 60 bytes

  0000: 00 12 5a 33 fa 31 00 00 31 23 45 67 88 6f 58 42 
  0010: 4f 58 01 01 03 09 dd a5 76 b5 00 00 00 00 00 00 
  0020: 00 00 00 00 00 00 00 00 00 00 00 00 00 00 00 00 
  0030: 00 00 00 00 00 00 00 00 00 00 00 00 

